<html>
<body>
<pre>
<h1>�Vision Build Log</h1>
<h2>Tool Versions:</h2>
IDE-Version: ��Vision V5.37.0.0
Copyright (C) 2022 ARM Ltd and ARM Germany GmbH. All rights reserved.
License Information: Li Hangyu, 1, LIC=EXJT4-F6UI9-VEFHA-1JD23-Z8PH9-XKFGM
 
Tool Versions:
Toolchain:       MDK-ARM Plus  Version: 5.37.0.0
Toolchain Path:  D:\ruanjian\keil\ARM\ARMCLANG\Bin
C Compiler:      ArmClang.exe V6.18
Assembler:       Armasm.exe V6.18
Linker/Locator:  ArmLink.exe V6.18
Library Manager: ArmAr.exe V6.18
Hex Converter:   FromElf.exe V6.18
CPU DLL:         SARMCM3.DLL V5.37.0.0
Dialog DLL:      DCM.DLL V1.17.5.0
Target DLL:      STLink\ST-LINKIII-KEIL_SWO.dll V3.0.9.0
Dialog DLL:      TCM.DLL V1.56.1.0
 
<h2>Project:</h2>
d:\Users\mini_car_race\Github\mini_car_race\mini_car_race_v1.1\mini_car_race_v1.1\mini_car_race\MDK-ARM\micro_smartcar.uvprojx
Project File Date:  11/26/2025

<h2>Output:</h2>
*** Using Compiler 'V6.18', folder: 'D:\ruanjian\keil\ARM\ARMCLANG\Bin'
Rebuild target 'micro_smartcar'
compiling stm32f1xx_hal_gpio_ex.c...
compiling gpio.c...
compiling stm32f1xx_hal_pwr.c...
compiling stm32f1xx_hal_flash_ex.c...
compiling spi.c...
compiling stm32f1xx_it.c...
assembling startup_stm32f103xb.s...
../Core/Src/main.c(286): warning: type specifier missing, defaults to 'int' [-Wimplicit-int]
float FindMax_WeightedValue(float weighted_value, volatile uint8_t valid_count, volatile dierroff_buffer_photo_error[])
                                                                                ~~~~~~~~ ^
../Core/Src/main.c(298): warning: using floating point absolute value function 'fabs' when argument is of integer type [-Wabsolute-value]
    if (fabs(dierroff_buffer_photo_error[i]) > fabs(MAX))
        ^
../Core/Src/main.c(298): note: use function 'abs' instead
    if (fabs(dierroff_buffer_photo_error[i]) > fabs(MAX))
        ^~~~
        abs
../Core/Src/main.c(810): warning: incompatible pointer types passing 'volatile float[30]' to parameter of type 'volatile int *' [-Wincompatible-pointer-types]
    Error_MAX = FindMax_WeightedValue(weighted_sum_record, valid_count ,diff_buffer_photo_error); // 更新光电管误差最大值
                                                                        ^~~~~~~~~~~~~~~~~~~~~~~
../Core/Src/main.c(286): note: passing argument to parameter 'dierroff_buffer_photo_error' here
float FindMax_WeightedValue(float weighted_value, volatile uint8_t valid_count, volatile dierroff_buffer_photo_error[])
                                                                                         ^
3 warnings generated.
compiling main.c...
compiling stm32f1xx_hal_msp.c...
compiling system_stm32f1xx.c...
compiling stm32f1xx_hal_uart.c...
compiling usart.c...
compiling dma.c...
compiling dodo_BMI270.c...
compiling stm32f1xx_hal_exti.c...
compiling stm32f1xx_hal.c...
compiling multiplexer.c...
compiling stm32f1xx_hal_rcc_ex.c...
compiling stm32f1xx_hal_cortex.c...
compiling tim.c...
compiling stm32f1xx_hal_flash.c...
compiling stm32f1xx_hal_dma.c...
compiling stm32f1xx_hal_gpio.c...
compiling bmi270_port.c...
compiling stm32f1xx_hal_rcc.c...
compiling stm32f1xx_hal_tim_ex.c...
compiling stm32f1xx_hal_tim.c...
compiling stm32f1xx_hal_spi.c...
compiling bmi270.c...
compiling bmi2.c...
linking...
Program Size: Code=28404 RO-data=8580 RW-data=124 ZI-data=10468  
FromELF: creating hex file...
"micro_smartcar\micro_smartcar.axf" - 0 Error(s), 3 Warning(s).

<h2>Software Packages used:</h2>

Package Vendor: ARM
                http://www.keil.com/pack/ARM.CMSIS.5.9.0.pack
                ARM.CMSIS.5.9.0
                CMSIS (Common Microcontroller Software Interface Standard)
   * Component: CORE Version: 5.6.0

Package Vendor: Keil
                http://www.keil.com/pack/Keil.STM32F1xx_DFP.2.2.0.pack
                Keil.STM32F1xx_DFP.2.2.0
                STMicroelectronics STM32F1 Series Device Support, Drivers and Examples

<h2>Collection of Component include folders:</h2>
  ./RTE/_micro_smartcar
  D:/ruanjian/keil/PACK/ARM/CMSIS/5.9.0/CMSIS/Core/Include
  D:/ruanjian/keil/PACK/Keil/STM32F1xx_DFP/2.2.0/Device/Include

<h2>Collection of Component Files used:</h2>

   * Component: ARM::CMSIS:CORE:5.6.0
      Include file:  CMSIS/Core/Include/tz_context.h
Build Time Elapsed:  00:00:03
</pre>
</body>
</html>
