Component: Arm Compiler for Embedded 6.18 Tool: armlink [5e4cc100]

==============================================================================

Section Cross References

    startup_stm32f103xb.o(RESET) refers to startup_stm32f103xb.o(STACK) for __initial_sp
    startup_stm32f103xb.o(RESET) refers to startup_stm32f103xb.o(.text) for Reset_Handler
    startup_stm32f103xb.o(RESET) refers to stm32f1xx_it.o(.text.NMI_Handler) for NMI_Handler
    startup_stm32f103xb.o(RESET) refers to stm32f1xx_it.o(.text.HardFault_Handler) for HardFault_Handler
    startup_stm32f103xb.o(RESET) refers to stm32f1xx_it.o(.text.MemManage_Handler) for MemManage_Handler
    startup_stm32f103xb.o(RESET) refers to stm32f1xx_it.o(.text.BusFault_Handler) for BusFault_Handler
    startup_stm32f103xb.o(RESET) refers to stm32f1xx_it.o(.text.UsageFault_Handler) for UsageFault_Handler
    startup_stm32f103xb.o(RESET) refers to stm32f1xx_it.o(.text.SVC_Handler) for SVC_Handler
    startup_stm32f103xb.o(RESET) refers to stm32f1xx_it.o(.text.DebugMon_Handler) for DebugMon_Handler
    startup_stm32f103xb.o(RESET) refers to stm32f1xx_it.o(.text.PendSV_Handler) for PendSV_Handler
    startup_stm32f103xb.o(RESET) refers to stm32f1xx_it.o(.text.SysTick_Handler) for SysTick_Handler
    startup_stm32f103xb.o(RESET) refers to stm32f1xx_it.o(.text.RCC_IRQHandler) for RCC_IRQHandler
    startup_stm32f103xb.o(RESET) refers to stm32f1xx_it.o(.text.DMA1_Channel2_IRQHandler) for DMA1_Channel2_IRQHandler
    startup_stm32f103xb.o(RESET) refers to stm32f1xx_it.o(.text.DMA1_Channel3_IRQHandler) for DMA1_Channel3_IRQHandler
    startup_stm32f103xb.o(RESET) refers to stm32f1xx_it.o(.text.TIM2_IRQHandler) for TIM2_IRQHandler
    startup_stm32f103xb.o(RESET) refers to stm32f1xx_it.o(.text.TIM3_IRQHandler) for TIM3_IRQHandler
    startup_stm32f103xb.o(RESET) refers to stm32f1xx_it.o(.text.TIM4_IRQHandler) for TIM4_IRQHandler
    startup_stm32f103xb.o(RESET) refers to stm32f1xx_it.o(.text.SPI1_IRQHandler) for SPI1_IRQHandler
    startup_stm32f103xb.o(RESET) refers to stm32f1xx_it.o(.text.USART3_IRQHandler) for USART3_IRQHandler
    startup_stm32f103xb.o(.text) refers to system_stm32f1xx.o(.text.SystemInit) for SystemInit
    startup_stm32f103xb.o(.text) refers to entry.o(.ARM.Collect$$$$00000000) for __main
    main.o(.text.FindMin_WeightedValue) refers to main.o(.bss.buf_index_error) for buf_index_error
    main.o(.text.FindMin_WeightedValue) refers to fcmpge.o(.text) for __aeabi_fcmpge
    main.o(.ARM.exidx.text.FindMin_WeightedValue) refers to main.o(.text.FindMin_WeightedValue) for [Anonymous Symbol]
    main.o(.text.Calculate_Photo_Error) refers to main.o(.bss..L_MergedGlobals) for .L_MergedGlobals
    main.o(.text.Calculate_Photo_Error) refers to multiplexer.o(.text.MUX_get_value) for MUX_get_value
    main.o(.text.Calculate_Photo_Error) refers to fflti.o(.text) for __aeabi_i2f
    main.o(.text.Calculate_Photo_Error) refers to ffltui.o(.text) for __aeabi_ui2f
    main.o(.text.Calculate_Photo_Error) refers to fdiv.o(.text) for __aeabi_fdiv
    main.o(.ARM.exidx.text.Calculate_Photo_Error) refers to main.o(.text.Calculate_Photo_Error) for [Anonymous Symbol]
    main.o(.text.Collect_photo_error) refers to main.o(.bss..L_MergedGlobals) for .L_MergedGlobals
    main.o(.text.Collect_photo_error) refers to main.o(.text.Calculate_Photo_Error) for Calculate_Photo_Error
    main.o(.text.Collect_photo_error) refers to fcmpeq.o(.text) for __aeabi_fcmpeq
    main.o(.text.Collect_photo_error) refers to main.o(.data.valid_count_address) for valid_count_address
    main.o(.ARM.exidx.text.Collect_photo_error) refers to main.o(.text.Collect_photo_error) for [Anonymous Symbol]
    main.o(.text.filtered_derivative) refers to fflti.o(.text) for __aeabi_i2f
    main.o(.text.filtered_derivative) refers to fmul.o(.text) for __aeabi_fmul
    main.o(.text.filtered_derivative) refers to fadd.o(.text) for __aeabi_fadd
    main.o(.text.filtered_derivative) refers to fdiv.o(.text) for __aeabi_fdiv
    main.o(.text.filtered_derivative) refers to main.o(.bss..L_MergedGlobals) for [Anonymous Symbol]
    main.o(.ARM.exidx.text.filtered_derivative) refers to main.o(.text.filtered_derivative) for [Anonymous Symbol]
    main.o(.text.filtered_gyro_z) refers to main.o(.bss..L_MergedGlobals) for .L_MergedGlobals
    main.o(.text.filtered_gyro_z) refers to fadd.o(.text) for __aeabi_fadd
    main.o(.text.filtered_gyro_z) refers to fdiv.o(.text) for __aeabi_fdiv
    main.o(.ARM.exidx.text.filtered_gyro_z) refers to main.o(.text.filtered_gyro_z) for [Anonymous Symbol]
    main.o(.text.ComeputePID_Position) refers to main.o(.bss..L_MergedGlobals) for .L_MergedGlobals
    main.o(.text.ComeputePID_Position) refers to main.o(.bss..L_MergedGlobals.1) for .L_MergedGlobals.1
    main.o(.text.ComeputePID_Position) refers to fflti.o(.text) for __aeabi_i2f
    main.o(.text.ComeputePID_Position) refers to fmul.o(.text) for __aeabi_fmul
[...]
    bmi2.o(.text.bmi2_abort_crt_gyro_st) refers to bmi2.o(.text.wait_st_running) for wait_st_running
    bmi2.o(.text.bmi2_abort_crt_gyro_st) refers to bmi2.o(.text.crt_gyro_st_update_result) for crt_gyro_st_update_result
    bmi2.o(.ARM.exidx.text.bmi2_abort_crt_gyro_st) refers to bmi2.o(.text.bmi2_abort_crt_gyro_st) for [Anonymous Symbol]
    bmi2.o(.text.abort_bmi2) refers to bmi2.o(.text.bmi2_get_feat_config) for bmi2_get_feat_config
    bmi2.o(.ARM.exidx.text.abort_bmi2) refers to bmi2.o(.text.abort_bmi2) for [Anonymous Symbol]
    bmi2.o(.ARM.exidx.text.wait_st_running) refers to bmi2.o(.text.wait_st_running) for [Anonymous Symbol]
    bmi2.o(.text.crt_gyro_st_update_result) refers to bmi2.o(.text.bmi2_get_feat_config) for bmi2_get_feat_config
    bmi2.o(.text.crt_gyro_st_update_result) refers to bmi2.o(.text.set_maxburst_len) for set_maxburst_len
    bmi2.o(.ARM.exidx.text.crt_gyro_st_update_result) refers to bmi2.o(.text.crt_gyro_st_update_result) for [Anonymous Symbol]
    bmi2.o(.text.bmi2_nvm_prog) refers to bmi2.o(.text.bmi2_set_adv_power_save) for bmi2_set_adv_power_save
    bmi2.o(.text.bmi2_nvm_prog) refers to bmi2.o(.text.bmi2_get_feat_config) for bmi2_get_feat_config
    bmi2.o(.text.bmi2_nvm_prog) refers to bmi2.o(.text.bmi2_soft_reset) for bmi2_soft_reset
    bmi2.o(.ARM.exidx.text.bmi2_nvm_prog) refers to bmi2.o(.text.bmi2_nvm_prog) for [Anonymous Symbol]
    bmi2.o(.ARM.exidx.text.set_config_load) refers to bmi2.o(.text.set_config_load) for [Anonymous Symbol]
    bmi2.o(.ARM.exidx.text.upload_file) refers to bmi2.o(.text.upload_file) for [Anonymous Symbol]
    bmi2.o(.ARM.exidx.text.get_aux_interface_config) refers to bmi2.o(.text.get_aux_interface_config) for [Anonymous Symbol]
    bmi2.o(.ARM.exidx.text.set_if_aux_not_busy) refers to bmi2.o(.text.set_if_aux_not_busy) for [Anonymous Symbol]
    bmi2.o(.ARM.exidx.text.unpack_aux_frame) refers to bmi2.o(.text.unpack_aux_frame) for [Anonymous Symbol]
    bmi2.o(.ARM.exidx.text.wait_rdy_for_dl_toggle) refers to bmi2.o(.text.wait_rdy_for_dl_toggle) for [Anonymous Symbol]
    bmi2.o(.text.process_crt_download) refers to bmi2.o(.text.wait_rdy_for_dl_toggle) for wait_rdy_for_dl_toggle
    bmi2.o(.ARM.exidx.text.process_crt_download) refers to bmi2.o(.text.process_crt_download) for [Anonymous Symbol]
    bmi270.o(.text.bmi270_init) refers to bmi2.o(.text.bmi2_sec_init) for bmi2_sec_init
    bmi270.o(.text.bmi270_init) refers to bmi270.o(.rodata.bmi270_config_file) for bmi270_config_file
    bmi270.o(.text.bmi270_init) refers to bmi270.o(.rodata.bmi270_feat_in) for bmi270_feat_in
    bmi270.o(.text.bmi270_init) refers to bmi270.o(.rodata.bmi270_feat_out) for bmi270_feat_out
    bmi270.o(.text.bmi270_init) refers to bmi270.o(.data.bmi270_map_int) for bmi270_map_int
    bmi270.o(.text.bmi270_init) refers to bmi2.o(.text.bmi2_get_gyro_cross_sense) for bmi2_get_gyro_cross_sense
    bmi270.o(.ARM.exidx.text.bmi270_init) refers to bmi270.o(.text.bmi270_init) for [Anonymous Symbol]
    bmi270.o(.text.bmi270_sensor_enable) refers to bmi2.o(.text.bmi2_get_regs) for bmi2_get_regs
    bmi270.o(.text.bmi270_sensor_enable) refers to bmi2.o(.text.bmi2_set_regs) for bmi2_set_regs
    bmi270.o(.text.bmi270_sensor_enable) refers to bmi2.o(.text.bmi2_set_adv_power_save) for bmi2_set_adv_power_save
    bmi270.o(.text.bmi270_sensor_enable) refers to bmi2.o(.text.bmi2_extract_input_feat_config) for bmi2_extract_input_feat_config
    bmi270.o(.text.bmi270_sensor_enable) refers to bmi2.o(.text.bmi2_get_feat_config) for bmi2_get_feat_config
    bmi270.o(.ARM.exidx.text.bmi270_sensor_enable) refers to bmi270.o(.text.bmi270_sensor_enable) for [Anonymous Symbol]
    bmi270.o(.text.bmi270_sensor_disable) refers to bmi2.o(.text.bmi2_get_regs) for bmi2_get_regs
    bmi270.o(.text.bmi270_sensor_disable) refers to bmi2.o(.text.bmi2_set_regs) for bmi2_set_regs
    bmi270.o(.text.bmi270_sensor_disable) refers to bmi2.o(.text.bmi2_set_adv_power_save) for bmi2_set_adv_power_save
    bmi270.o(.text.bmi270_sensor_disable) refers to bmi2.o(.text.bmi2_extract_input_feat_config) for bmi2_extract_input_feat_config
    bmi270.o(.text.bmi270_sensor_disable) refers to bmi2.o(.text.bmi2_get_feat_config) for bmi2_get_feat_config
    bmi270.o(.ARM.exidx.text.bmi270_sensor_disable) refers to bmi270.o(.text.bmi270_sensor_disable) for [Anonymous Symbol]
    bmi270.o(.text.bmi270_set_sensor_config) refers to bmi2.o(.text.bmi2_set_sensor_config) for bmi2_set_sensor_config
    bmi270.o(.text.bmi270_set_sensor_config) refers to bmi2.o(.text.bmi2_set_adv_power_save) for bmi2_set_adv_power_save
    bmi270.o(.text.bmi270_set_sensor_config) refers to bmi2.o(.text.bmi2_extract_input_feat_config) for bmi2_extract_input_feat_config
    bmi270.o(.text.bmi270_set_sensor_config) refers to bmi2.o(.text.bmi2_get_feat_config) for bmi2_get_feat_config
    bmi270.o(.text.bmi270_set_sensor_config) refers to bmi2.o(.text.bmi2_set_regs) for bmi2_set_regs
    bmi270.o(.ARM.exidx.text.bmi270_set_sensor_config) refers to bmi270.o(.text.bmi270_set_sensor_config) for [Anonymous Symbol]
    bmi270.o(.text.bmi270_get_sensor_config) refers to bmi2.o(.text.bmi2_get_sensor_config) for bmi2_get_sensor_config
    bmi270.o(.text.bmi270_get_sensor_config) refers to bmi2.o(.text.bmi2_set_adv_power_save) for bmi2_set_adv_power_save
    bmi270.o(.text.bmi270_get_sensor_config) refers to bmi2.o(.text.bmi2_extract_input_feat_config) for bmi2_extract_input_feat_config
    bmi270.o(.text.bmi270_get_sensor_config) refers to bmi2.o(.text.bmi2_get_feat_config) for bmi2_get_feat_config
    bmi270.o(.ARM.exidx.text.bmi270_get_sensor_config) refers to bmi270.o(.text.bmi270_get_sensor_config) for [Anonymous Symbol]
    bmi270.o(.text.bmi270_get_feature_data) refers to bmi2.o(.text.bmi2_get_feature_data) for bmi2_get_feature_data
    bmi270.o(.text.bmi270_get_feature_data) refers to bmi2.o(.text.bmi2_set_adv_power_save) for bmi2_set_adv_power_save
    bmi270.o(.text.bmi270_get_feature_data) refers to bmi2.o(.text.bmi2_get_feat_config) for bmi2_get_feat_config
    bmi270.o(.ARM.exidx.text.bmi270_get_feature_data) refers to bmi270.o(.text.bmi270_get_feature_data) for [Anonymous Symbol]
    bmi270.o(.text.bmi270_update_gyro_user_gain) refers to bmi270.o(.text.bmi270_get_sensor_config) for bmi270_get_sensor_config
    bmi270.o(.text.bmi270_update_gyro_user_gain) refers to bmi270.o(.text.bmi270_set_sensor_config) for bmi270_set_sensor_config
    bmi270.o(.text.bmi270_update_gyro_user_gain) refers to bmi270.o(.text.bmi270_sensor_disable) for bmi270_sensor_disable
    bmi270.o(.text.bmi270_update_gyro_user_gain) refers to bmi270.o(.text.bmi270_sensor_enable) for bmi270_sensor_enable
    bmi270.o(.text.bmi270_update_gyro_user_gain) refers to bmi2.o(.text.bmi2_set_command_register) for bmi2_set_command_register
    bmi270.o(.text.bmi270_update_gyro_user_gain) refers to bmi2.o(.text.bmi2_extract_input_feat_config) for bmi2_extract_input_feat_config
    bmi270.o(.text.bmi270_update_gyro_user_gain) refers to bmi2.o(.text.bmi2_set_adv_power_save) for bmi2_set_adv_power_save
    bmi270.o(.text.bmi270_update_gyro_user_gain) refers to bmi2.o(.text.bmi2_get_feat_config) for bmi2_get_feat_config
    bmi270.o(.text.bmi270_update_gyro_user_gain) refers to bmi2.o(.text.bmi2_get_regs) for bmi2_get_regs
    bmi270.o(.text.bmi270_update_gyro_user_gain) refers to bmi2.o(.text.bmi2_set_regs) for bmi2_set_regs
    bmi270.o(.ARM.exidx.text.bmi270_update_gyro_user_gain) refers to bmi270.o(.text.bmi270_update_gyro_user_gain) for [Anonymous Symbol]
    bmi270.o(.text.bmi270_read_gyro_user_gain) refers to bmi2.o(.text.bmi2_get_regs) for bmi2_get_regs
    bmi270.o(.ARM.exidx.text.bmi270_read_gyro_user_gain) refers to bmi270.o(.text.bmi270_read_gyro_user_gain) for [Anonymous Symbol]
    bmi270.o(.text.bmi270_map_feat_int) refers to bmi2.o(.text.bmi2_map_feat_int) for bmi2_map_feat_int
    bmi270.o(.ARM.exidx.text.bmi270_map_feat_int) refers to bmi270.o(.text.bmi270_map_feat_int) for [Anonymous Symbol]
    bmi270_port.o(.text.bmi2_spi_read) refers to bmi270_port.o(.bss..L_MergedGlobals) for .L_MergedGlobals
    bmi270_port.o(.text.bmi2_spi_read) refers to bmi270_port.o(.bss.bmi2_spi_read.tx_buf) for bmi2_spi_read.tx_buf
    bmi270_port.o(.text.bmi2_spi_read) refers to stm32f1xx_hal_gpio.o(.text.HAL_GPIO_WritePin) for HAL_GPIO_WritePin
    bmi270_port.o(.text.bmi2_spi_read) refers to bmi270_port.o(.bss.bmi2_spi_read.rx_buf) for bmi2_spi_read.rx_buf
    bmi270_port.o(.text.bmi2_spi_read) refers to stm32f1xx_hal_spi.o(.text.HAL_SPI_TransmitReceive_DMA) for HAL_SPI_TransmitReceive_DMA
    bmi270_port.o(.ARM.exidx.text.bmi2_spi_read) refers to bmi270_port.o(.text.bmi2_spi_read) for [Anonymous Symbol]
    bmi270_port.o(.text.bmi2_spi_write) refers to bmi270_port.o(.bss..L_MergedGlobals) for .L_MergedGlobals
    bmi270_port.o(.text.bmi2_spi_write) refers to bmi270_port.o(.bss.bmi2_spi_write.tx_buf) for bmi2_spi_write.tx_buf
    bmi270_port.o(.text.bmi2_spi_write) refers to stm32f1xx_hal_gpio.o(.text.HAL_GPIO_WritePin) for HAL_GPIO_WritePin
    bmi270_port.o(.text.bmi2_spi_write) refers to stm32f1xx_hal_spi.o(.text.HAL_SPI_Transmit_DMA) for HAL_SPI_Transmit_DMA
    bmi270_port.o(.ARM.exidx.text.bmi2_spi_write) refers to bmi270_port.o(.text.bmi2_spi_write) for [Anonymous Symbol]
    bmi270_port.o(.text.HAL_SPI_TxRxCpltCallback) refers to bmi270_port.o(.bss..L_MergedGlobals) for .L_MergedGlobals
    bmi270_port.o(.ARM.exidx.text.HAL_SPI_TxRxCpltCallback) refers to bmi270_port.o(.text.HAL_SPI_TxRxCpltCallback) for [Anonymous Symbol]
    bmi270_port.o(.text.HAL_SPI_TxCpltCallback) refers to bmi270_port.o(.bss..L_MergedGlobals) for .L_MergedGlobals
    bmi270_port.o(.ARM.exidx.text.HAL_SPI_TxCpltCallback) refers to bmi270_port.o(.text.HAL_SPI_TxCpltCallback) for [Anonymous Symbol]
    bmi270_port.o(.text.bmi2_delay_us) refers to system_stm32f1xx.o(.data.SystemCoreClock) for SystemCoreClock
    bmi270_port.o(.ARM.exidx.text.bmi2_delay_us) refers to bmi270_port.o(.text.bmi2_delay_us) for [Anonymous Symbol]
    bmi270_port.o(.text.bmi270_sensor_init_spi) refers to bmi270_port.o(.bss..L_MergedGlobals) for .L_MergedGlobals
    bmi270_port.o(.text.bmi270_sensor_init_spi) refers to bmi270_port.o(.text.bmi2_spi_read) for bmi2_spi_read
    bmi270_port.o(.text.bmi270_sensor_init_spi) refers to bmi270_port.o(.text.bmi2_spi_write) for bmi2_spi_write
    bmi270_port.o(.text.bmi270_sensor_init_spi) refers to bmi270_port.o(.text.bmi2_delay_us) for bmi2_delay_us
    bmi270_port.o(.text.bmi270_sensor_init_spi) refers to bmi270_port.o(.bss.bmi2_spi_read.tx_buf) for bmi2_spi_read.tx_buf
    bmi270_port.o(.text.bmi270_sensor_init_spi) refers to stm32f1xx_hal_gpio.o(.text.HAL_GPIO_WritePin) for HAL_GPIO_WritePin
    bmi270_port.o(.text.bmi270_sensor_init_spi) refers to bmi270_port.o(.bss.bmi2_spi_read.rx_buf) for bmi2_spi_read.rx_buf
    bmi270_port.o(.text.bmi270_sensor_init_spi) refers to stm32f1xx_hal_spi.o(.text.HAL_SPI_TransmitReceive_DMA) for HAL_SPI_TransmitReceive_DMA
    bmi270_port.o(.text.bmi270_sensor_init_spi) refers to system_stm32f1xx.o(.data.SystemCoreClock) for SystemCoreClock
    bmi270_port.o(.text.bmi270_sensor_init_spi) refers to bmi270.o(.text.bmi270_init) for bmi270_init
    bmi270_port.o(.ARM.exidx.text.bmi270_sensor_init_spi) refers to bmi270_port.o(.text.bmi270_sensor_init_spi) for [Anonymous Symbol]
    bmi270_port.o(.text.bmi270_set_config) refers to bmi2.o(.text.bmi2_get_sensor_config) for bmi2_get_sensor_config
    bmi270_port.o(.text.bmi270_set_config) refers to bmi2.o(.text.bmi2_set_sensor_config) for bmi2_set_sensor_config
    bmi270_port.o(.text.bmi270_set_config) refers to bmi2.o(.text.bmi2_sensor_enable) for bmi2_sensor_enable
    bmi270_port.o(.ARM.exidx.text.bmi270_set_config) refers to bmi270_port.o(.text.bmi270_set_config) for [Anonymous Symbol]
    bmi270_port.o(.text.bmi270_get_accel_gyro) refers to bmi2.o(.text.bmi2_get_sensor_data) for bmi2_get_sensor_data
    bmi270_port.o(.ARM.exidx.text.bmi270_get_accel_gyro) refers to bmi270_port.o(.text.bmi270_get_accel_gyro) for [Anonymous Symbol]
    dodo_bmi270.o(.text.dodo_BMI270_init) refers to dodo_bmi270.o(.bss..L_MergedGlobals) for .L_MergedGlobals
    dodo_bmi270.o(.text.dodo_BMI270_init) refers to dodo_bmi270.o(.bss.bmi270) for bmi270
    dodo_bmi270.o(.text.dodo_BMI270_init) refers to main.o(.bss.hspi1) for hspi1
    dodo_bmi270.o(.text.dodo_BMI270_init) refers to bmi270_port.o(.text.bmi270_sensor_init_spi) for bmi270_sensor_init_spi
    dodo_bmi270.o(.text.dodo_BMI270_init) refers to bmi270_port.o(.text.bmi270_set_config) for bmi270_set_config
    dodo_bmi270.o(.ARM.exidx.text.dodo_BMI270_init) refers to dodo_bmi270.o(.text.dodo_BMI270_init) for [Anonymous Symbol]
    dodo_bmi270.o(.text.dodo_BMI270_get_data) refers to dodo_bmi270.o(.bss..L_MergedGlobals) for .L_MergedGlobals
    dodo_bmi270.o(.text.dodo_BMI270_get_data) refers to dodo_bmi270.o(.bss.bmi270) for bmi270
    dodo_bmi270.o(.text.dodo_BMI270_get_data) refers to bmi270_port.o(.text.bmi270_get_accel_gyro) for bmi270_get_accel_gyro
    dodo_bmi270.o(.ARM.exidx.text.dodo_BMI270_get_data) refers to dodo_bmi270.o(.text.dodo_BMI270_get_data) for [Anonymous Symbol]
    multiplexer.o(.text.multiplexer_delay_us) refers to system_stm32f1xx.o(.data.SystemCoreClock) for SystemCoreClock
    multiplexer.o(.ARM.exidx.text.multiplexer_delay_us) refers to multiplexer.o(.text.multiplexer_delay_us) for [Anonymous Symbol]
    multiplexer.o(.text.multiplexer_set_channel) refers to stm32f1xx_hal_gpio.o(.text.HAL_GPIO_WritePin) for HAL_GPIO_WritePin
    multiplexer.o(.ARM.exidx.text.multiplexer_set_channel) refers to multiplexer.o(.text.multiplexer_set_channel) for [Anonymous Symbol]
    multiplexer.o(.text.MUX_get_value) refers to stm32f1xx_hal_gpio.o(.text.HAL_GPIO_WritePin) for HAL_GPIO_WritePin
    multiplexer.o(.text.MUX_get_value) refers to system_stm32f1xx.o(.data.SystemCoreClock) for SystemCoreClock
    multiplexer.o(.text.MUX_get_value) refers to stm32f1xx_hal_gpio.o(.text.HAL_GPIO_ReadPin) for HAL_GPIO_ReadPin
    multiplexer.o(.ARM.exidx.text.MUX_get_value) refers to multiplexer.o(.text.MUX_get_value) for [Anonymous Symbol]
    entry.o(.ARM.Collect$$$$00000000) refers (Special) to entry10a.o(.ARM.Collect$$$$0000000D) for __rt_final_cpp
    entry.o(.ARM.Collect$$$$00000000) refers (Special) to entry11a.o(.ARM.Collect$$$$0000000F) for __rt_final_exit
    entry.o(.ARM.Collect$$$$00000000) refers (Special) to entry7b.o(.ARM.Collect$$$$00000008) for _main_clock
    entry.o(.ARM.Collect$$$$00000000) refers (Special) to entry8b.o(.ARM.Collect$$$$0000000A) for _main_cpp_init
    entry.o(.ARM.Collect$$$$00000000) refers (Special) to entry9a.o(.ARM.Collect$$$$0000000B) for _main_init
    entry.o(.ARM.Collect$$$$00000000) refers (Special) to entry5.o(.ARM.Collect$$$$00000004) for _main_scatterload
    entry.o(.ARM.Collect$$$$00000000) refers (Special) to entry2.o(.ARM.Collect$$$$00000001) for _main_stk
    fadd.o(.text) refers (Special) to iusefp.o(.text) for __I$use$fp
    fadd.o(.text) refers to fepilogue.o(.text) for _float_epilogue
    fmul.o(.text) refers (Special) to iusefp.o(.text) for __I$use$fp
    fdiv.o(.text) refers (Special) to iusefp.o(.text) for __I$use$fp
    fdiv.o(.text) refers to fepilogue.o(.text) for _float_round
    dmul.o(.text) refers (Special) to iusefp.o(.text) for __I$use$fp
    dmul.o(.text) refers to depilogue.o(.text) for _double_epilogue
    fcmple.o(.text) refers (Special) to iusefp.o(.text) for __I$use$fp
    fcmplt.o(.text) refers (Special) to iusefp.o(.text) for __I$use$fp
    fcmpge.o(.text) refers (Special) to iusefp.o(.text) for __I$use$fp
    fcmpgt.o(.text) refers (Special) to iusefp.o(.text) for __I$use$fp
    fcmpeq.o(.text) refers (Special) to iusefp.o(.text) for __I$use$fp
    dcmpge.o(.text) refers (Special) to iusefp.o(.text) for __I$use$fp
    fflti.o(.text) refers (Special) to iusefp.o(.text) for __I$use$fp
    fflti.o(.text) refers to fepilogue.o(.text) for _float_epilogue
    ffltui.o(.text) refers (Special) to iusefp.o(.text) for __I$use$fp
    ffltui.o(.text) refers to fepilogue.o(.text) for _float_epilogue
    dfltui.o(.text) refers (Special) to iusefp.o(.text) for __I$use$fp
    dfltui.o(.text) refers to depilogue.o(.text) for _double_epilogue
    ffixi.o(.text) refers (Special) to iusefp.o(.text) for __I$use$fp
    f2d.o(.text) refers (Special) to iusefp.o(.text) for __I$use$fp
    entry2.o(.ARM.Collect$$$$00000001) refers to entry2.o(.ARM.Collect$$$$00002712) for __lit__00000000
    entry2.o(.ARM.Collect$$$$00002712) refers to startup_stm32f103xb.o(STACK) for __initial_sp
    entry2.o(__vectab_stack_and_reset_area) refers to startup_stm32f103xb.o(STACK) for __initial_sp
    entry2.o(__vectab_stack_and_reset_area) refers to entry.o(.ARM.Collect$$$$00000000) for __main
    entry5.o(.ARM.Collect$$$$00000004) refers to init.o(.text) for __scatterload
    entry9a.o(.ARM.Collect$$$$0000000B) refers to main.o(.text.main) for main
    entry9b.o(.ARM.Collect$$$$0000000C) refers to main.o(.text.main) for main
    fepilogue.o(.text) refers (Special) to iusefp.o(.text) for __I$use$fp
    depilogue.o(.text) refers (Special) to iusefp.o(.text) for __I$use$fp
    depilogue.o(.text) refers to llshl.o(.text) for __aeabi_llsl
    depilogue.o(.text) refers to llushr.o(.text) for __aeabi_llsr
    init.o(.text) refers to entry5.o(.ARM.Collect$$$$00000004) for __main_after_scatterload


==============================================================================

Removing Unused input sections from the image.

    Removing startup_stm32f103xb.o(HEAP), (512 bytes).
    Removing main.o(.text), (0 bytes).
    Removing main.o(.text.FindMin_WeightedValue), (280 bytes).
    Removing main.o(.ARM.exidx.text.FindMin_WeightedValue), (8 bytes).
    Removing main.o(.ARM.exidx.text.Calculate_Photo_Error), (8 bytes).
    Removing main.o(.text.Collect_photo_error), (70 bytes).
    Removing main.o(.ARM.exidx.text.Collect_photo_error), (8 bytes).
    Removing main.o(.text.filtered_derivative), (124 bytes).
    Removing main.o(.ARM.exidx.text.filtered_derivative), (8 bytes).
    Removing main.o(.text.filtered_gyro_z), (92 bytes).
    Removing main.o(.ARM.exidx.text.filtered_gyro_z), (8 bytes).
    Removing main.o(.ARM.exidx.text.ComeputePID_Position), (8 bytes).
    Removing main.o(.ARM.exidx.text.Compute_target), (8 bytes).
    Removing main.o(.text.PID_Init), (152 bytes).
    Removing main.o(.ARM.exidx.text.PID_Init), (8 bytes).
    Removing main.o(.text.Right_angle_mode), (42 bytes).
    Removing main.o(.ARM.exidx.text.Right_angle_mode), (8 bytes).
    Removing main.o(.text.Ready_right_angle_mode), (116 bytes).
    Removing main.o(.ARM.exidx.text.Ready_right_angle_mode), (8 bytes).
    Removing main.o(.text.Restore_mode), (68 bytes).
    Removing main.o(.ARM.exidx.text.Restore_mode), (8 bytes).
    Removing main.o(.ARM.exidx.text.Turn_control), (8 bytes).
    Removing main.o(.ARM.exidx.text.Speed_Control), (8 bytes).
    Removing main.o(.text.Set_Motor_PWM), (132 bytes).
    Removing main.o(.ARM.exidx.text.Set_Motor_PWM), (8 bytes).
    Removing main.o(.text.fputc), (32 bytes).
    Removing main.o(.ARM.exidx.text.fputc), (8 bytes).
    Removing main.o(.ARM.exidx.text.HAL_TIM_PeriodElapsedCallback), (8 bytes).
    Removing main.o(.ARM.exidx.text.main), (8 bytes).
    Removing main.o(.text.SystemClock_Config), (100 bytes).
    Removing main.o(.ARM.exidx.text.SystemClock_Config), (8 bytes).
    Removing main.o(.ARM.exidx.text.Error_Handler), (8 bytes).
    Removing main.o(.bss.buf_index_error), (2 bytes).
    Removing main.o(.bss.gyro_x), (4 bytes).
    Removing main.o(.bss.gyro_y), (4 bytes).
    Removing main.o(.bss.accel_x), (4 bytes).
    Removing main.o(.bss.accel_y), (4 bytes).
    Removing main.o(.bss.accel_z), (4 bytes).
    Removing main.o(.ARM.use_no_argv), (4 bytes).
    Removing stm32f1xx_it.o(.text), (0 bytes).
    Removing stm32f1xx_it.o(.ARM.exidx.text.NMI_Handler), (8 bytes).
    Removing stm32f1xx_it.o(.ARM.exidx.text.HardFault_Handler), (8 bytes).
    Removing stm32f1xx_it.o(.ARM.exidx.text.MemManage_Handler), (8 bytes).
    Removing stm32f1xx_it.o(.ARM.exidx.text.BusFault_Handler), (8 bytes).
    Removing stm32f1xx_it.o(.ARM.exidx.text.UsageFault_Handler), (8 bytes).
    Removing stm32f1xx_it.o(.ARM.exidx.text.SVC_Handler), (8 bytes).
    Removing stm32f1xx_it.o(.ARM.exidx.text.DebugMon_Handler), (8 bytes).
    Removing stm32f1xx_it.o(.ARM.exidx.text.PendSV_Handler), (8 bytes).
    Removing stm32f1xx_it.o(.ARM.exidx.text.SysTick_Handler), (8 bytes).
    Removing stm32f1xx_it.o(.ARM.exidx.text.RCC_IRQHandler), (8 bytes).
    Removing stm32f1xx_it.o(.ARM.exidx.text.DMA1_Channel2_IRQHandler), (8 bytes).
    Removing stm32f1xx_it.o(.ARM.exidx.text.DMA1_Channel3_IRQHandler), (8 bytes).
    Removing stm32f1xx_it.o(.ARM.exidx.text.TIM2_IRQHandler), (8 bytes).
    Removing stm32f1xx_it.o(.ARM.exidx.text.TIM3_IRQHandler), (8 bytes).
    Removing stm32f1xx_it.o(.ARM.exidx.text.TIM4_IRQHandler), (8 bytes).
    Removing stm32f1xx_it.o(.ARM.exidx.text.SPI1_IRQHandler), (8 bytes).
    Removing stm32f1xx_it.o(.ARM.exidx.text.USART3_IRQHandler), (8 bytes).
    Removing stm32f1xx_hal_msp.o(.text), (0 bytes).
    Removing stm32f1xx_hal_msp.o(.ARM.exidx.text.HAL_MspInit), (8 bytes).
    Removing stm32f1xx_hal_msp.o(.ARM.exidx.text.HAL_SPI_MspInit), (8 bytes).
    Removing stm32f1xx_hal_msp.o(.text.HAL_SPI_MspDeInit), (68 bytes).
    Removing stm32f1xx_hal_msp.o(.ARM.exidx.text.HAL_SPI_MspDeInit), (8 bytes).
    Removing stm32f1xx_hal_msp.o(.ARM.exidx.text.HAL_TIM_Base_MspInit), (8 bytes).
    Removing stm32f1xx_hal_msp.o(.ARM.exidx.text.HAL_TIM_Encoder_MspInit), (8 bytes).
    Removing stm32f1xx_hal_msp.o(.ARM.exidx.text.HAL_TIM_MspPostInit), (8 bytes).
    Removing stm32f1xx_hal_msp.o(.text.HAL_TIM_Base_MspDeInit), (62 bytes).
    Removing stm32f1xx_hal_msp.o(.ARM.exidx.text.HAL_TIM_Base_MspDeInit), (8 bytes).
    Removing stm32f1xx_hal_msp.o(.text.HAL_TIM_Encoder_MspDeInit), (84 bytes).
    Removing stm32f1xx_hal_msp.o(.ARM.exidx.text.HAL_TIM_Encoder_MspDeInit), (8 bytes).
    Removing stm32f1xx_hal_msp.o(.ARM.exidx.text.HAL_UART_MspInit), (8 bytes).
    Removing stm32f1xx_hal_msp.o(.text.HAL_UART_MspDeInit), (56 bytes).
    Removing stm32f1xx_hal_msp.o(.ARM.exidx.text.HAL_UART_MspDeInit), (8 bytes).
    Removing stm32f1xx_hal_gpio_ex.o(.text), (0 bytes).
    Removing stm32f1xx_hal_gpio_ex.o(.text.HAL_GPIOEx_ConfigEventout), (20 bytes).
    Removing stm32f1xx_hal_gpio_ex.o(.ARM.exidx.text.HAL_GPIOEx_ConfigEventout), (8 bytes).
    Removing stm32f1xx_hal_gpio_ex.o(.text.HAL_GPIOEx_EnableEventout), (16 bytes).
    Removing stm32f1xx_hal_gpio_ex.o(.ARM.exidx.text.HAL_GPIOEx_EnableEventout), (8 bytes).
    Removing stm32f1xx_hal_gpio_ex.o(.text.HAL_GPIOEx_DisableEventout), (16 bytes).
    Removing stm32f1xx_hal_gpio_ex.o(.ARM.exidx.text.HAL_GPIOEx_DisableEventout), (8 bytes).
    Removing stm32f1xx_hal_spi.o(.text), (0 bytes).
    Removing stm32f1xx_hal_spi.o(.ARM.exidx.text.HAL_SPI_Init), (8 bytes).
    Removing stm32f1xx_hal_spi.o(.text.HAL_SPI_MspInit), (2 bytes).
    Removing stm32f1xx_hal_spi.o(.ARM.exidx.text.HAL_SPI_MspInit), (8 bytes).
    Removing stm32f1xx_hal_spi.o(.text.HAL_SPI_DeInit), (48 bytes).
    Removing stm32f1xx_hal_spi.o(.ARM.exidx.text.HAL_SPI_DeInit), (8 bytes).
    Removing stm32f1xx_hal_spi.o(.text.HAL_SPI_MspDeInit), (2 bytes).
    Removing stm32f1xx_hal_spi.o(.ARM.exidx.text.HAL_SPI_MspDeInit), (8 bytes).
    Removing stm32f1xx_hal_spi.o(.text.HAL_SPI_Transmit), (510 bytes).
    Removing stm32f1xx_hal_spi.o(.ARM.exidx.text.HAL_SPI_Transmit), (8 bytes).
    Removing stm32f1xx_hal_spi.o(.text.HAL_SPI_Receive), (516 bytes).
    Removing stm32f1xx_hal_spi.o(.ARM.exidx.text.HAL_SPI_Receive), (8 bytes).
    Removing stm32f1xx_hal_spi.o(.text.HAL_SPI_TransmitReceive), (718 bytes).
    Removing stm32f1xx_hal_spi.o(.ARM.exidx.text.HAL_SPI_TransmitReceive), (8 bytes).
    Removing stm32f1xx_hal_spi.o(.text.HAL_SPI_Transmit_IT), (154 bytes).
    Removing stm32f1xx_hal_spi.o(.ARM.exidx.text.HAL_SPI_Transmit_IT), (8 bytes).
    Removing stm32f1xx_hal_spi.o(.text.SPI_TxISR_16BIT), (30 bytes).
    Removing stm32f1xx_hal_spi.o(.ARM.exidx.text.SPI_TxISR_16BIT), (8 bytes).
    Removing stm32f1xx_hal_spi.o(.text.SPI_TxISR_8BIT), (32 bytes).
    Removing stm32f1xx_hal_spi.o(.ARM.exidx.text.SPI_TxISR_8BIT), (8 bytes).
    Removing stm32f1xx_hal_spi.o(.text.HAL_SPI_Receive_IT), (316 bytes).
    Removing stm32f1xx_hal_spi.o(.ARM.exidx.text.HAL_SPI_Receive_IT), (8 bytes).
    Removing stm32f1xx_hal_spi.o(.text.HAL_SPI_TransmitReceive_IT), (206 bytes).
    Removing stm32f1xx_hal_spi.o(.ARM.exidx.text.HAL_SPI_TransmitReceive_IT), (8 bytes).
    Removing stm32f1xx_hal_spi.o(.text.SPI_RxISR_16BIT), (30 bytes).
    Removing stm32f1xx_hal_spi.o(.ARM.exidx.text.SPI_RxISR_16BIT), (8 bytes).
    Removing stm32f1xx_hal_spi.o(.text.SPI_RxISR_8BIT), (32 bytes).
    Removing stm32f1xx_hal_spi.o(.ARM.exidx.text.SPI_RxISR_8BIT), (8 bytes).
    Removing stm32f1xx_hal_spi.o(.text.SPI_2linesRxISR_16BIT), (46 bytes).
    Removing stm32f1xx_hal_spi.o(.ARM.exidx.text.SPI_2linesRxISR_16BIT), (8 bytes).
    Removing stm32f1xx_hal_spi.o(.text.SPI_2linesTxISR_16BIT), (46 bytes).
    Removing stm32f1xx_hal_spi.o(.ARM.exidx.text.SPI_2linesTxISR_16BIT), (8 bytes).
    Removing stm32f1xx_hal_spi.o(.text.SPI_2linesRxISR_8BIT), (50 bytes).
    Removing stm32f1xx_hal_spi.o(.ARM.exidx.text.SPI_2linesRxISR_8BIT), (8 bytes).
    Removing stm32f1xx_hal_spi.o(.text.SPI_2linesTxISR_8BIT), (50 bytes).
    Removing stm32f1xx_hal_spi.o(.ARM.exidx.text.SPI_2linesTxISR_8BIT), (8 bytes).
    Removing stm32f1xx_hal_spi.o(.ARM.exidx.text.HAL_SPI_Transmit_DMA), (8 bytes).
    Removing stm32f1xx_hal_spi.o(.ARM.exidx.text.SPI_DMAHalfTransmitCplt), (8 bytes).
    Removing stm32f1xx_hal_spi.o(.ARM.exidx.text.SPI_DMATransmitCplt), (8 bytes).
    Removing stm32f1xx_hal_spi.o(.ARM.exidx.text.SPI_DMAError), (8 bytes).
    Removing stm32f1xx_hal_spi.o(.text.HAL_SPI_Receive_DMA), (252 bytes).
    Removing stm32f1xx_hal_spi.o(.ARM.exidx.text.HAL_SPI_Receive_DMA), (8 bytes).
    Removing stm32f1xx_hal_spi.o(.ARM.exidx.text.HAL_SPI_TransmitReceive_DMA), (8 bytes).
    Removing stm32f1xx_hal_spi.o(.ARM.exidx.text.SPI_DMAHalfReceiveCplt), (8 bytes).
    Removing stm32f1xx_hal_spi.o(.ARM.exidx.text.SPI_DMAReceiveCplt), (8 bytes).
    Removing stm32f1xx_hal_spi.o(.ARM.exidx.text.SPI_DMAHalfTransmitReceiveCplt), (8 bytes).
    Removing stm32f1xx_hal_spi.o(.ARM.exidx.text.SPI_DMATransmitReceiveCplt), (8 bytes).
    Removing stm32f1xx_hal_spi.o(.text.HAL_SPI_Abort), (470 bytes).
    Removing stm32f1xx_hal_spi.o(.ARM.exidx.text.HAL_SPI_Abort), (8 bytes).
    Removing stm32f1xx_hal_spi.o(.text.SPI_AbortTx_ISR), (26 bytes).
    Removing stm32f1xx_hal_spi.o(.ARM.exidx.text.SPI_AbortTx_ISR), (8 bytes).
    Removing stm32f1xx_hal_spi.o(.text.SPI_AbortRx_ISR), (154 bytes).
    Removing stm32f1xx_hal_spi.o(.ARM.exidx.text.SPI_AbortRx_ISR), (8 bytes).
    Removing stm32f1xx_hal_spi.o(.text.HAL_SPI_Abort_IT), (438 bytes).
    Removing stm32f1xx_hal_spi.o(.ARM.exidx.text.HAL_SPI_Abort_IT), (8 bytes).
    Removing stm32f1xx_hal_spi.o(.text.SPI_DMATxAbortCallback), (176 bytes).
    Removing stm32f1xx_hal_spi.o(.ARM.exidx.text.SPI_DMATxAbortCallback), (8 bytes).
    Removing stm32f1xx_hal_spi.o(.text.SPI_DMARxAbortCallback), (144 bytes).
    Removing stm32f1xx_hal_spi.o(.ARM.exidx.text.SPI_DMARxAbortCallback), (8 bytes).
    Removing stm32f1xx_hal_spi.o(.text.HAL_SPI_AbortCpltCallback), (2 bytes).
    Removing stm32f1xx_hal_spi.o(.ARM.exidx.text.HAL_SPI_AbortCpltCallback), (8 bytes).
    Removing stm32f1xx_hal_spi.o(.text.HAL_SPI_DMAPause), (32 bytes).
    Removing stm32f1xx_hal_spi.o(.ARM.exidx.text.HAL_SPI_DMAPause), (8 bytes).
    Removing stm32f1xx_hal_spi.o(.text.HAL_SPI_DMAResume), (32 bytes).
    Removing stm32f1xx_hal_spi.o(.ARM.exidx.text.HAL_SPI_DMAResume), (8 bytes).
    Removing stm32f1xx_hal_spi.o(.text.HAL_SPI_DMAStop), (74 bytes).
    Removing stm32f1xx_hal_spi.o(.ARM.exidx.text.HAL_SPI_DMAStop), (8 bytes).
    Removing stm32f1xx_hal_spi.o(.ARM.exidx.text.HAL_SPI_IRQHandler), (8 bytes).
    Removing stm32f1xx_hal_spi.o(.ARM.exidx.text.SPI_DMAAbortOnError), (8 bytes).
    Removing stm32f1xx_hal_spi.o(.ARM.exidx.text.HAL_SPI_ErrorCallback), (8 bytes).
    Removing stm32f1xx_hal_spi.o(.text.HAL_SPI_TxCpltCallback), (2 bytes).
    Removing stm32f1xx_hal_spi.o(.ARM.exidx.text.HAL_SPI_TxCpltCallback), (8 bytes).
    Removing stm32f1xx_hal_spi.o(.ARM.exidx.text.HAL_SPI_RxCpltCallback), (8 bytes).
    Removing stm32f1xx_hal_spi.o(.text.HAL_SPI_TxRxCpltCallback), (2 bytes).
    Removing stm32f1xx_hal_spi.o(.ARM.exidx.text.HAL_SPI_TxRxCpltCallback), (8 bytes).
    Removing stm32f1xx_hal_spi.o(.ARM.exidx.text.HAL_SPI_TxHalfCpltCallback), (8 bytes).
    Removing stm32f1xx_hal_spi.o(.ARM.exidx.text.HAL_SPI_RxHalfCpltCallback), (8 bytes).
    Removing stm32f1xx_hal_spi.o(.ARM.exidx.text.HAL_SPI_TxRxHalfCpltCallback), (8 bytes).
    Removing stm32f1xx_hal_spi.o(.text.HAL_SPI_GetState), (6 bytes).
    Removing stm32f1xx_hal_spi.o(.ARM.exidx.text.HAL_SPI_GetState), (8 bytes).
    Removing stm32f1xx_hal_spi.o(.text.HAL_SPI_GetError), (4 bytes).
    Removing stm32f1xx_hal_spi.o(.ARM.exidx.text.HAL_SPI_GetError), (8 bytes).
    Removing stm32f1xx_hal_spi.o(.text.SPI_CloseRxTx_ISR), (262 bytes).
    Removing stm32f1xx_hal_spi.o(.ARM.exidx.text.SPI_CloseRxTx_ISR), (8 bytes).
    Removing stm32f1xx_hal_spi.o(.text.SPI_CloseRx_ISR), (156 bytes).
    Removing stm32f1xx_hal_spi.o(.ARM.exidx.text.SPI_CloseRx_ISR), (8 bytes).
    Removing stm32f1xx_hal_spi.o(.text.SPI_CloseTx_ISR), (236 bytes).
    Removing stm32f1xx_hal_spi.o(.ARM.exidx.text.SPI_CloseTx_ISR), (8 bytes).
    Removing stm32f1xx_hal_spi.o(.ARM.exidx.text.SPI_WaitFlagStateUntilTimeout), (8 bytes).
    Removing stm32f1xx_hal.o(.text), (0 bytes).
    Removing stm32f1xx_hal.o(.ARM.exidx.text.HAL_Init), (8 bytes).
    Removing stm32f1xx_hal.o(.ARM.exidx.text.HAL_InitTick), (8 bytes).
    Removing stm32f1xx_hal.o(.text.HAL_MspInit), (2 bytes).
    Removing stm32f1xx_hal.o(.ARM.exidx.text.HAL_MspInit), (8 bytes).
    Removing stm32f1xx_hal.o(.text.HAL_DeInit), (32 bytes).
    Removing stm32f1xx_hal.o(.ARM.exidx.text.HAL_DeInit), (8 bytes).
    Removing stm32f1xx_hal.o(.text.HAL_MspDeInit), (2 bytes).
    Removing stm32f1xx_hal.o(.ARM.exidx.text.HAL_MspDeInit), (8 bytes).
    Removing stm32f1xx_hal.o(.ARM.exidx.text.HAL_IncTick), (8 bytes).
    Removing stm32f1xx_hal.o(.ARM.exidx.text.HAL_GetTick), (8 bytes).
    Removing stm32f1xx_hal.o(.text.HAL_GetTickPrio), (12 bytes).
    Removing stm32f1xx_hal.o(.ARM.exidx.text.HAL_GetTickPrio), (8 bytes).
    Removing stm32f1xx_hal.o(.text.HAL_SetTickFreq), (38 bytes).
    Removing stm32f1xx_hal.o(.ARM.exidx.text.HAL_SetTickFreq), (8 bytes).
    Removing stm32f1xx_hal.o(.text.HAL_GetTickFreq), (12 bytes).
    Removing stm32f1xx_hal.o(.ARM.exidx.text.HAL_GetTickFreq), (8 bytes).
    Removing stm32f1xx_hal.o(.text.HAL_Delay), (40 bytes).
    Removing stm32f1xx_hal.o(.ARM.exidx.text.HAL_Delay), (8 bytes).
    Removing stm32f1xx_hal.o(.text.HAL_SuspendTick), (18 bytes).
    Removing stm32f1xx_hal.o(.ARM.exidx.text.HAL_SuspendTick), (8 bytes).
    Removing stm32f1xx_hal.o(.text.HAL_ResumeTick), (18 bytes).
    Removing stm32f1xx_hal.o(.ARM.exidx.text.HAL_ResumeTick), (8 bytes).
    Removing stm32f1xx_hal.o(.text.HAL_GetHalVersion), (10 bytes).
    Removing stm32f1xx_hal.o(.ARM.exidx.text.HAL_GetHalVersion), (8 bytes).
    Removing stm32f1xx_hal.o(.text.HAL_GetREVID), (14 bytes).
    Removing stm32f1xx_hal.o(.ARM.exidx.text.HAL_GetREVID), (8 bytes).
    Removing stm32f1xx_hal.o(.text.HAL_GetDEVID), (16 bytes).
    Removing stm32f1xx_hal.o(.ARM.exidx.text.HAL_GetDEVID), (8 bytes).
    Removing stm32f1xx_hal.o(.text.HAL_GetUIDw0), (12 bytes).
    Removing stm32f1xx_hal.o(.ARM.exidx.text.HAL_GetUIDw0), (8 bytes).
    Removing stm32f1xx_hal.o(.text.HAL_GetUIDw1), (12 bytes).
    Removing stm32f1xx_hal.o(.ARM.exidx.text.HAL_GetUIDw1), (8 bytes).
    Removing stm32f1xx_hal.o(.text.HAL_GetUIDw2), (12 bytes).
    Removing stm32f1xx_hal.o(.ARM.exidx.text.HAL_GetUIDw2), (8 bytes).
    Removing stm32f1xx_hal.o(.text.HAL_DBGMCU_EnableDBGSleepMode), (18 bytes).
    Removing stm32f1xx_hal.o(.ARM.exidx.text.HAL_DBGMCU_EnableDBGSleepMode), (8 bytes).
    Removing stm32f1xx_hal.o(.text.HAL_DBGMCU_DisableDBGSleepMode), (18 bytes).
    Removing stm32f1xx_hal.o(.ARM.exidx.text.HAL_DBGMCU_DisableDBGSleepMode), (8 bytes).
    Removing stm32f1xx_hal.o(.text.HAL_DBGMCU_EnableDBGStopMode), (18 bytes).
    Removing stm32f1xx_hal.o(.ARM.exidx.text.HAL_DBGMCU_EnableDBGStopMode), (8 bytes).
    Removing stm32f1xx_hal.o(.text.HAL_DBGMCU_DisableDBGStopMode), (18 bytes).
    Removing stm32f1xx_hal.o(.ARM.exidx.text.HAL_DBGMCU_DisableDBGStopMode), (8 bytes).
    Removing stm32f1xx_hal.o(.text.HAL_DBGMCU_EnableDBGStandbyMode), (18 bytes).
    Removing stm32f1xx_hal.o(.ARM.exidx.text.HAL_DBGMCU_EnableDBGStandbyMode), (8 bytes).
    Removing stm32f1xx_hal.o(.text.HAL_DBGMCU_DisableDBGStandbyMode), (18 bytes).
    Removing stm32f1xx_hal.o(.ARM.exidx.text.HAL_DBGMCU_DisableDBGStandbyMode), (8 bytes).
    Removing stm32f1xx_hal_rcc.o(.text), (0 bytes).
    Removing stm32f1xx_hal_rcc.o(.text.HAL_RCC_DeInit), (234 bytes).
    Removing stm32f1xx_hal_rcc.o(.ARM.exidx.text.HAL_RCC_DeInit), (8 bytes).
    Removing stm32f1xx_hal_rcc.o(.ARM.exidx.text.HAL_RCC_OscConfig), (8 bytes).
    Removing stm32f1xx_hal_rcc.o(.ARM.exidx.text.HAL_RCC_ClockConfig), (8 bytes).
    Removing stm32f1xx_hal_rcc.o(.text.HAL_RCC_GetSysClockFreq), (86 bytes).
    Removing stm32f1xx_hal_rcc.o(.ARM.exidx.text.HAL_RCC_GetSysClockFreq), (8 bytes).
    Removing stm32f1xx_hal_rcc.o(.text.HAL_RCC_MCOConfig), (82 bytes).
    Removing stm32f1xx_hal_rcc.o(.ARM.exidx.text.HAL_RCC_MCOConfig), (8 bytes).
    Removing stm32f1xx_hal_rcc.o(.text.HAL_RCC_EnableCSS), (12 bytes).
    Removing stm32f1xx_hal_rcc.o(.ARM.exidx.text.HAL_RCC_EnableCSS), (8 bytes).
    Removing stm32f1xx_hal_rcc.o(.text.HAL_RCC_DisableCSS), (12 bytes).
    Removing stm32f1xx_hal_rcc.o(.ARM.exidx.text.HAL_RCC_DisableCSS), (8 bytes).
    Removing stm32f1xx_hal_rcc.o(.text.HAL_RCC_GetHCLKFreq), (12 bytes).
    Removing stm32f1xx_hal_rcc.o(.ARM.exidx.text.HAL_RCC_GetHCLKFreq), (8 bytes).
    Removing stm32f1xx_hal_rcc.o(.ARM.exidx.text.HAL_RCC_GetPCLK1Freq), (8 bytes).
    Removing stm32f1xx_hal_rcc.o(.ARM.exidx.text.HAL_RCC_GetPCLK2Freq), (8 bytes).
    Removing stm32f1xx_hal_rcc.o(.text.HAL_RCC_GetOscConfig), (128 bytes).
    Removing stm32f1xx_hal_rcc.o(.ARM.exidx.text.HAL_RCC_GetOscConfig), (8 bytes).
    Removing stm32f1xx_hal_rcc.o(.text.HAL_RCC_GetClockConfig), (66 bytes).
    Removing stm32f1xx_hal_rcc.o(.ARM.exidx.text.HAL_RCC_GetClockConfig), (8 bytes).
    Removing stm32f1xx_hal_rcc.o(.text.HAL_RCC_NMI_IRQHandler), (28 bytes).
    Removing stm32f1xx_hal_rcc.o(.ARM.exidx.text.HAL_RCC_NMI_IRQHandler), (8 bytes).
    Removing stm32f1xx_hal_rcc.o(.text.HAL_RCC_CSSCallback), (2 bytes).
    Removing stm32f1xx_hal_rcc.o(.ARM.exidx.text.HAL_RCC_CSSCallback), (8 bytes).
    Removing stm32f1xx_hal_rcc_ex.o(.text), (0 bytes).
    Removing stm32f1xx_hal_rcc_ex.o(.text.HAL_RCCEx_PeriphCLKConfig), (266 bytes).
    Removing stm32f1xx_hal_rcc_ex.o(.ARM.exidx.text.HAL_RCCEx_PeriphCLKConfig), (8 bytes).
    Removing stm32f1xx_hal_rcc_ex.o(.text.HAL_RCCEx_GetPeriphCLKConfig), (38 bytes).
    Removing stm32f1xx_hal_rcc_ex.o(.ARM.exidx.text.HAL_RCCEx_GetPeriphCLKConfig), (8 bytes).
    Removing stm32f1xx_hal_rcc_ex.o(.text.HAL_RCCEx_GetPeriphCLKFreq), (240 bytes).
    Removing stm32f1xx_hal_rcc_ex.o(.ARM.exidx.text.HAL_RCCEx_GetPeriphCLKFreq), (8 bytes).
    Removing stm32f1xx_hal_gpio.o(.text), (0 bytes).
    Removing stm32f1xx_hal_gpio.o(.ARM.exidx.text.HAL_GPIO_Init), (8 bytes).
    Removing stm32f1xx_hal_gpio.o(.text.HAL_GPIO_DeInit), (274 bytes).
    Removing stm32f1xx_hal_gpio.o(.ARM.exidx.text.HAL_GPIO_DeInit), (8 bytes).
    Removing stm32f1xx_hal_gpio.o(.ARM.exidx.text.HAL_GPIO_ReadPin), (8 bytes).
    Removing stm32f1xx_hal_gpio.o(.ARM.exidx.text.HAL_GPIO_WritePin), (8 bytes).
    Removing stm32f1xx_hal_gpio.o(.text.HAL_GPIO_TogglePin), (16 bytes).
    Removing stm32f1xx_hal_gpio.o(.ARM.exidx.text.HAL_GPIO_TogglePin), (8 bytes).
    Removing stm32f1xx_hal_gpio.o(.text.HAL_GPIO_LockPin), (40 bytes).
    Removing stm32f1xx_hal_gpio.o(.ARM.exidx.text.HAL_GPIO_LockPin), (8 bytes).
    Removing stm32f1xx_hal_gpio.o(.text.HAL_GPIO_EXTI_IRQHandler), (22 bytes).
    Removing stm32f1xx_hal_gpio.o(.ARM.exidx.text.HAL_GPIO_EXTI_IRQHandler), (8 bytes).
    Removing stm32f1xx_hal_gpio.o(.text.HAL_GPIO_EXTI_Callback), (2 bytes).
    Removing stm32f1xx_hal_gpio.o(.ARM.exidx.text.HAL_GPIO_EXTI_Callback), (8 bytes).
    Removing stm32f1xx_hal_dma.o(.text), (0 bytes).
    Removing stm32f1xx_hal_dma.o(.ARM.exidx.text.HAL_DMA_Init), (8 bytes).
    Removing stm32f1xx_hal_dma.o(.text.HAL_DMA_DeInit), (100 bytes).
    Removing stm32f1xx_hal_dma.o(.ARM.exidx.text.HAL_DMA_DeInit), (8 bytes).
    Removing stm32f1xx_hal_dma.o(.text.HAL_DMA_Start), (108 bytes).
    Removing stm32f1xx_hal_dma.o(.ARM.exidx.text.HAL_DMA_Start), (8 bytes).
    Removing stm32f1xx_hal_dma.o(.ARM.exidx.text.HAL_DMA_Start_IT), (8 bytes).
    Removing stm32f1xx_hal_dma.o(.ARM.exidx.text.HAL_DMA_Abort), (8 bytes).
    Removing stm32f1xx_hal_dma.o(.ARM.exidx.text.HAL_DMA_Abort_IT), (8 bytes).
    Removing stm32f1xx_hal_dma.o(.text.HAL_DMA_PollForTransfer), (1458 bytes).
    Removing stm32f1xx_hal_dma.o(.ARM.exidx.text.HAL_DMA_PollForTransfer), (8 bytes).
    Removing stm32f1xx_hal_dma.o(.ARM.exidx.text.HAL_DMA_IRQHandler), (8 bytes).
    Removing stm32f1xx_hal_dma.o(.text.HAL_DMA_RegisterCallback), (86 bytes).
    Removing stm32f1xx_hal_dma.o(.ARM.exidx.text.HAL_DMA_RegisterCallback), (8 bytes).
    Removing stm32f1xx_hal_dma.o(.text.HAL_DMA_UnRegisterCallback), (120 bytes).
    Removing stm32f1xx_hal_dma.o(.ARM.exidx.text.HAL_DMA_UnRegisterCallback), (8 bytes).
    Removing stm32f1xx_hal_dma.o(.text.HAL_DMA_GetState), (6 bytes).
    Removing stm32f1xx_hal_dma.o(.ARM.exidx.text.HAL_DMA_GetState), (8 bytes).
    Removing stm32f1xx_hal_dma.o(.text.HAL_DMA_GetError), (4 bytes).
    Removing stm32f1xx_hal_dma.o(.ARM.exidx.text.HAL_DMA_GetError), (8 bytes).
    Removing stm32f1xx_hal_cortex.o(.text), (0 bytes).
    Removing stm32f1xx_hal_cortex.o(.ARM.exidx.text.HAL_NVIC_SetPriorityGrouping), (8 bytes).
    Removing stm32f1xx_hal_cortex.o(.ARM.exidx.text.HAL_NVIC_SetPriority), (8 bytes).
    Removing stm32f1xx_hal_cortex.o(.ARM.exidx.text.HAL_NVIC_EnableIRQ), (8 bytes).
    Removing stm32f1xx_hal_cortex.o(.text.HAL_NVIC_DisableIRQ), (40 bytes).
    Removing stm32f1xx_hal_cortex.o(.ARM.exidx.text.HAL_NVIC_DisableIRQ), (8 bytes).
    Removing stm32f1xx_hal_cortex.o(.text.HAL_NVIC_SystemReset), (4 bytes).
    Removing stm32f1xx_hal_cortex.o(.ARM.exidx.text.HAL_NVIC_SystemReset), (8 bytes).
    Removing stm32f1xx_hal_cortex.o(.text.__NVIC_SystemReset), (42 bytes).
    Removing stm32f1xx_hal_cortex.o(.ARM.exidx.text.__NVIC_SystemReset), (8 bytes).
    Removing stm32f1xx_hal_cortex.o(.ARM.exidx.text.HAL_SYSTICK_Config), (8 bytes).
    Removing stm32f1xx_hal_cortex.o(.text.HAL_NVIC_GetPriorityGrouping), (16 bytes).
    Removing stm32f1xx_hal_cortex.o(.ARM.exidx.text.HAL_NVIC_GetPriorityGrouping), (8 bytes).
    Removing stm32f1xx_hal_cortex.o(.text.HAL_NVIC_GetPriority), (88 bytes).
    Removing stm32f1xx_hal_cortex.o(.ARM.exidx.text.HAL_NVIC_GetPriority), (8 bytes).
    Removing stm32f1xx_hal_cortex.o(.text.HAL_NVIC_SetPendingIRQ), (32 bytes).
    Removing stm32f1xx_hal_cortex.o(.ARM.exidx.text.HAL_NVIC_SetPendingIRQ), (8 bytes).
    Removing stm32f1xx_hal_cortex.o(.text.HAL_NVIC_GetPendingIRQ), (36 bytes).
    Removing stm32f1xx_hal_cortex.o(.ARM.exidx.text.HAL_NVIC_GetPendingIRQ), (8 bytes).
    Removing stm32f1xx_hal_cortex.o(.text.HAL_NVIC_ClearPendingIRQ), (32 bytes).
    Removing stm32f1xx_hal_cortex.o(.ARM.exidx.text.HAL_NVIC_ClearPendingIRQ), (8 bytes).
    Removing stm32f1xx_hal_cortex.o(.text.HAL_NVIC_GetActive), (36 bytes).
    Removing stm32f1xx_hal_cortex.o(.ARM.exidx.text.HAL_NVIC_GetActive), (8 bytes).
    Removing stm32f1xx_hal_cortex.o(.text.HAL_SYSTICK_CLKSourceConfig), (24 bytes).
    Removing stm32f1xx_hal_cortex.o(.ARM.exidx.text.HAL_SYSTICK_CLKSourceConfig), (8 bytes).
    Removing stm32f1xx_hal_cortex.o(.text.HAL_SYSTICK_IRQHandler), (4 bytes).
    Removing stm32f1xx_hal_cortex.o(.ARM.exidx.text.HAL_SYSTICK_IRQHandler), (8 bytes).
    Removing stm32f1xx_hal_cortex.o(.text.HAL_SYSTICK_Callback), (2 bytes).
    Removing stm32f1xx_hal_cortex.o(.ARM.exidx.text.HAL_SYSTICK_Callback), (8 bytes).
    Removing stm32f1xx_hal_pwr.o(.text), (0 bytes).
    Removing stm32f1xx_hal_pwr.o(.text.HAL_PWR_DeInit), (26 bytes).
    Removing stm32f1xx_hal_pwr.o(.ARM.exidx.text.HAL_PWR_DeInit), (8 bytes).
    Removing stm32f1xx_hal_pwr.o(.text.HAL_PWR_EnableBkUpAccess), (12 bytes).
    Removing stm32f1xx_hal_pwr.o(.ARM.exidx.text.HAL_PWR_EnableBkUpAccess), (8 bytes).
    Removing stm32f1xx_hal_pwr.o(.text.HAL_PWR_DisableBkUpAccess), (12 bytes).
    Removing stm32f1xx_hal_pwr.o(.ARM.exidx.text.HAL_PWR_DisableBkUpAccess), (8 bytes).
    Removing stm32f1xx_hal_pwr.o(.text.HAL_PWR_ConfigPVD), (130 bytes).
    Removing stm32f1xx_hal_pwr.o(.ARM.exidx.text.HAL_PWR_ConfigPVD), (8 bytes).
    Removing stm32f1xx_hal_pwr.o(.text.HAL_PWR_EnablePVD), (12 bytes).
    Removing stm32f1xx_hal_pwr.o(.ARM.exidx.text.HAL_PWR_EnablePVD), (8 bytes).
    Removing stm32f1xx_hal_pwr.o(.text.HAL_PWR_DisablePVD), (12 bytes).
    Removing stm32f1xx_hal_pwr.o(.ARM.exidx.text.HAL_PWR_DisablePVD), (8 bytes).
    Removing stm32f1xx_hal_pwr.o(.text.HAL_PWR_EnableWakeUpPin), (22 bytes).
    Removing stm32f1xx_hal_pwr.o(.ARM.exidx.text.HAL_PWR_EnableWakeUpPin), (8 bytes).
    Removing stm32f1xx_hal_pwr.o(.text.HAL_PWR_DisableWakeUpPin), (22 bytes).
    Removing stm32f1xx_hal_pwr.o(.ARM.exidx.text.HAL_PWR_DisableWakeUpPin), (8 bytes).
    Removing stm32f1xx_hal_pwr.o(.text.HAL_PWR_EnterSLEEPMode), (30 bytes).
    Removing stm32f1xx_hal_pwr.o(.ARM.exidx.text.HAL_PWR_EnterSLEEPMode), (8 bytes).
    Removing stm32f1xx_hal_pwr.o(.text.HAL_PWR_EnterSTOPMode), (80 bytes).
    Removing stm32f1xx_hal_pwr.o(.ARM.exidx.text.HAL_PWR_EnterSTOPMode), (8 bytes).
    Removing stm32f1xx_hal_pwr.o(.text.PWR_OverloadWfe), (6 bytes).
    Removing stm32f1xx_hal_pwr.o(.ARM.exidx.text.PWR_OverloadWfe), (8 bytes).
    Removing stm32f1xx_hal_pwr.o(.text.HAL_PWR_EnterSTANDBYMode), (36 bytes).
    Removing stm32f1xx_hal_pwr.o(.ARM.exidx.text.HAL_PWR_EnterSTANDBYMode), (8 bytes).
    Removing stm32f1xx_hal_pwr.o(.text.HAL_PWR_EnableSleepOnExit), (18 bytes).
    Removing stm32f1xx_hal_pwr.o(.ARM.exidx.text.HAL_PWR_EnableSleepOnExit), (8 bytes).
    Removing stm32f1xx_hal_pwr.o(.text.HAL_PWR_DisableSleepOnExit), (18 bytes).
    Removing stm32f1xx_hal_pwr.o(.ARM.exidx.text.HAL_PWR_DisableSleepOnExit), (8 bytes).
    Removing stm32f1xx_hal_pwr.o(.text.HAL_PWR_EnableSEVOnPend), (18 bytes).
    Removing stm32f1xx_hal_pwr.o(.ARM.exidx.text.HAL_PWR_EnableSEVOnPend), (8 bytes).
    Removing stm32f1xx_hal_pwr.o(.text.HAL_PWR_DisableSEVOnPend), (18 bytes).
    Removing stm32f1xx_hal_pwr.o(.ARM.exidx.text.HAL_PWR_DisableSEVOnPend), (8 bytes).
    Removing stm32f1xx_hal_pwr.o(.text.HAL_PWR_PVD_IRQHandler), (30 bytes).
    Removing stm32f1xx_hal_pwr.o(.ARM.exidx.text.HAL_PWR_PVD_IRQHandler), (8 bytes).
    Removing stm32f1xx_hal_pwr.o(.text.HAL_PWR_PVDCallback), (2 bytes).
    Removing stm32f1xx_hal_pwr.o(.ARM.exidx.text.HAL_PWR_PVDCallback), (8 bytes).
    Removing stm32f1xx_hal_flash.o(.text), (0 bytes).
    Removing stm32f1xx_hal_flash.o(.text.HAL_FLASH_Program), (172 bytes).
    Removing stm32f1xx_hal_flash.o(.ARM.exidx.text.HAL_FLASH_Program), (8 bytes).
    Removing stm32f1xx_hal_flash.o(.text.FLASH_WaitForLastOperation), (224 bytes).
    Removing stm32f1xx_hal_flash.o(.ARM.exidx.text.FLASH_WaitForLastOperation), (8 bytes).
    Removing stm32f1xx_hal_flash.o(.text.HAL_FLASH_Program_IT), (96 bytes).
    Removing stm32f1xx_hal_flash.o(.ARM.exidx.text.HAL_FLASH_Program_IT), (8 bytes).
    Removing stm32f1xx_hal_flash.o(.text.HAL_FLASH_IRQHandler), (368 bytes).
    Removing stm32f1xx_hal_flash.o(.ARM.exidx.text.HAL_FLASH_IRQHandler), (8 bytes).
    Removing stm32f1xx_hal_flash.o(.text.HAL_FLASH_OperationErrorCallback), (2 bytes).
    Removing stm32f1xx_hal_flash.o(.ARM.exidx.text.HAL_FLASH_OperationErrorCallback), (8 bytes).
    Removing stm32f1xx_hal_flash.o(.text.HAL_FLASH_EndOfOperationCallback), (2 bytes).
    Removing stm32f1xx_hal_flash.o(.ARM.exidx.text.HAL_FLASH_EndOfOperationCallback), (8 bytes).
    Removing stm32f1xx_hal_flash.o(.text.HAL_FLASH_Unlock), (46 bytes).
    Removing stm32f1xx_hal_flash.o(.ARM.exidx.text.HAL_FLASH_Unlock), (8 bytes).
    Removing stm32f1xx_hal_flash.o(.text.HAL_FLASH_Lock), (20 bytes).
    Removing stm32f1xx_hal_flash.o(.ARM.exidx.text.HAL_FLASH_Lock), (8 bytes).
    Removing stm32f1xx_hal_flash.o(.text.HAL_FLASH_OB_Unlock), (42 bytes).
    Removing stm32f1xx_hal_flash.o(.ARM.exidx.text.HAL_FLASH_OB_Unlock), (8 bytes).
    Removing stm32f1xx_hal_flash.o(.text.HAL_FLASH_OB_Lock), (20 bytes).
    Removing stm32f1xx_hal_flash.o(.ARM.exidx.text.HAL_FLASH_OB_Lock), (8 bytes).
    Removing stm32f1xx_hal_flash.o(.text.HAL_FLASH_OB_Launch), (4 bytes).
    Removing stm32f1xx_hal_flash.o(.ARM.exidx.text.HAL_FLASH_OB_Launch), (8 bytes).
    Removing stm32f1xx_hal_flash.o(.text.HAL_FLASH_GetError), (12 bytes).
    Removing stm32f1xx_hal_flash.o(.ARM.exidx.text.HAL_FLASH_GetError), (8 bytes).
    Removing stm32f1xx_hal_flash.o(.bss.pFlash), (32 bytes).
    Removing stm32f1xx_hal_flash_ex.o(.text), (0 bytes).
    Removing stm32f1xx_hal_flash_ex.o(.text.HAL_FLASHEx_Erase), (238 bytes).
    Removing stm32f1xx_hal_flash_ex.o(.ARM.exidx.text.HAL_FLASHEx_Erase), (8 bytes).
    Removing stm32f1xx_hal_flash_ex.o(.text.FLASH_PageErase), (40 bytes).
    Removing stm32f1xx_hal_flash_ex.o(.ARM.exidx.text.FLASH_PageErase), (8 bytes).
    Removing stm32f1xx_hal_flash_ex.o(.text.HAL_FLASHEx_Erase_IT), (98 bytes).
    Removing stm32f1xx_hal_flash_ex.o(.ARM.exidx.text.HAL_FLASHEx_Erase_IT), (8 bytes).
    Removing stm32f1xx_hal_flash_ex.o(.text.HAL_FLASHEx_OBErase), (174 bytes).
    Removing stm32f1xx_hal_flash_ex.o(.ARM.exidx.text.HAL_FLASHEx_OBErase), (8 bytes).
    Removing stm32f1xx_hal_flash_ex.o(.text.HAL_FLASHEx_OBProgram), (686 bytes).
    Removing stm32f1xx_hal_flash_ex.o(.ARM.exidx.text.HAL_FLASHEx_OBProgram), (8 bytes).
    Removing stm32f1xx_hal_flash_ex.o(.text.HAL_FLASHEx_OBGetConfig), (42 bytes).
    Removing stm32f1xx_hal_flash_ex.o(.ARM.exidx.text.HAL_FLASHEx_OBGetConfig), (8 bytes).
    Removing stm32f1xx_hal_flash_ex.o(.text.HAL_FLASHEx_OBGetUserData), (34 bytes).
    Removing stm32f1xx_hal_flash_ex.o(.ARM.exidx.text.HAL_FLASHEx_OBGetUserData), (8 bytes).
    Removing stm32f1xx_hal_exti.o(.text), (0 bytes).
    Removing stm32f1xx_hal_exti.o(.text.HAL_EXTI_SetConfigLine), (180 bytes).
    Removing stm32f1xx_hal_exti.o(.ARM.exidx.text.HAL_EXTI_SetConfigLine), (8 bytes).
    Removing stm32f1xx_hal_exti.o(.text.HAL_EXTI_GetConfigLine), (152 bytes).
    Removing stm32f1xx_hal_exti.o(.ARM.exidx.text.HAL_EXTI_GetConfigLine), (8 bytes).
    Removing stm32f1xx_hal_exti.o(.text.HAL_EXTI_ClearConfigLine), (136 bytes).
    Removing stm32f1xx_hal_exti.o(.ARM.exidx.text.HAL_EXTI_ClearConfigLine), (8 bytes).
    Removing stm32f1xx_hal_exti.o(.text.HAL_EXTI_RegisterCallback), (12 bytes).
    Removing stm32f1xx_hal_exti.o(.ARM.exidx.text.HAL_EXTI_RegisterCallback), (8 bytes).
    Removing stm32f1xx_hal_exti.o(.text.HAL_EXTI_GetHandle), (12 bytes).
    Removing stm32f1xx_hal_exti.o(.ARM.exidx.text.HAL_EXTI_GetHandle), (8 bytes).
    Removing stm32f1xx_hal_exti.o(.text.HAL_EXTI_IRQHandler), (42 bytes).
    Removing stm32f1xx_hal_exti.o(.ARM.exidx.text.HAL_EXTI_IRQHandler), (8 bytes).
    Removing stm32f1xx_hal_exti.o(.text.HAL_EXTI_GetPending), (28 bytes).
    Removing stm32f1xx_hal_exti.o(.ARM.exidx.text.HAL_EXTI_GetPending), (8 bytes).
    Removing stm32f1xx_hal_exti.o(.text.HAL_EXTI_ClearPending), (24 bytes).
    Removing stm32f1xx_hal_exti.o(.ARM.exidx.text.HAL_EXTI_ClearPending), (8 bytes).
    Removing stm32f1xx_hal_exti.o(.text.HAL_EXTI_GenerateSWI), (24 bytes).
    Removing stm32f1xx_hal_exti.o(.ARM.exidx.text.HAL_EXTI_GenerateSWI), (8 bytes).
    Removing stm32f1xx_hal_tim.o(.text), (0 bytes).
    Removing stm32f1xx_hal_tim.o(.ARM.exidx.text.HAL_TIM_Base_Init), (8 bytes).
    Removing stm32f1xx_hal_tim.o(.text.HAL_TIM_Base_MspInit), (2 bytes).
    Removing stm32f1xx_hal_tim.o(.ARM.exidx.text.HAL_TIM_Base_MspInit), (8 bytes).
    Removing stm32f1xx_hal_tim.o(.text.TIM_Base_SetConfig), (174 bytes).
    Removing stm32f1xx_hal_tim.o(.ARM.exidx.text.TIM_Base_SetConfig), (8 bytes).
    Removing stm32f1xx_hal_tim.o(.text.HAL_TIM_Base_DeInit), (96 bytes).
    Removing stm32f1xx_hal_tim.o(.ARM.exidx.text.HAL_TIM_Base_DeInit), (8 bytes).
    Removing stm32f1xx_hal_tim.o(.text.HAL_TIM_Base_MspDeInit), (2 bytes).
    Removing stm32f1xx_hal_tim.o(.ARM.exidx.text.HAL_TIM_Base_MspDeInit), (8 bytes).
    Removing stm32f1xx_hal_tim.o(.text.HAL_TIM_Base_Start), (102 bytes).
    Removing stm32f1xx_hal_tim.o(.ARM.exidx.text.HAL_TIM_Base_Start), (8 bytes).
    Removing stm32f1xx_hal_tim.o(.text.HAL_TIM_Base_Stop), (52 bytes).
    Removing stm32f1xx_hal_tim.o(.ARM.exidx.text.HAL_TIM_Base_Stop), (8 bytes).
    Removing stm32f1xx_hal_tim.o(.ARM.exidx.text.HAL_TIM_Base_Start_IT), (8 bytes).
    Removing stm32f1xx_hal_tim.o(.text.HAL_TIM_Base_Stop_IT), (60 bytes).
    Removing stm32f1xx_hal_tim.o(.ARM.exidx.text.HAL_TIM_Base_Stop_IT), (8 bytes).
    Removing stm32f1xx_hal_tim.o(.text.HAL_TIM_Base_Start_DMA), (198 bytes).
    Removing stm32f1xx_hal_tim.o(.ARM.exidx.text.HAL_TIM_Base_Start_DMA), (8 bytes).
    Removing stm32f1xx_hal_tim.o(.text.TIM_DMAPeriodElapsedCplt), (20 bytes).
    Removing stm32f1xx_hal_tim.o(.ARM.exidx.text.TIM_DMAPeriodElapsedCplt), (8 bytes).
    Removing stm32f1xx_hal_tim.o(.text.TIM_DMAPeriodElapsedHalfCplt), (6 bytes).
    Removing stm32f1xx_hal_tim.o(.ARM.exidx.text.TIM_DMAPeriodElapsedHalfCplt), (8 bytes).
    Removing stm32f1xx_hal_tim.o(.text.TIM_DMAError), (94 bytes).
    Removing stm32f1xx_hal_tim.o(.ARM.exidx.text.TIM_DMAError), (8 bytes).
    Removing stm32f1xx_hal_tim.o(.text.HAL_TIM_Base_Stop_DMA), (72 bytes).
    Removing stm32f1xx_hal_tim.o(.ARM.exidx.text.HAL_TIM_Base_Stop_DMA), (8 bytes).
    Removing stm32f1xx_hal_tim.o(.text.HAL_TIM_OC_Init), (250 bytes).
    Removing stm32f1xx_hal_tim.o(.ARM.exidx.text.HAL_TIM_OC_Init), (8 bytes).
    Removing stm32f1xx_hal_tim.o(.text.HAL_TIM_OC_MspInit), (2 bytes).
    Removing stm32f1xx_hal_tim.o(.ARM.exidx.text.HAL_TIM_OC_MspInit), (8 bytes).
    Removing stm32f1xx_hal_tim.o(.text.HAL_TIM_OC_DeInit), (96 bytes).
    Removing stm32f1xx_hal_tim.o(.ARM.exidx.text.HAL_TIM_OC_DeInit), (8 bytes).
    Removing stm32f1xx_hal_tim.o(.text.HAL_TIM_OC_MspDeInit), (2 bytes).
    Removing stm32f1xx_hal_tim.o(.ARM.exidx.text.HAL_TIM_OC_MspDeInit), (8 bytes).
    Removing stm32f1xx_hal_tim.o(.text.HAL_TIM_OC_Start), (222 bytes).
    Removing stm32f1xx_hal_tim.o(.ARM.exidx.text.HAL_TIM_OC_Start), (8 bytes).
    Removing stm32f1xx_hal_tim.o(.text.TIM_CCxChannelCmd), (36 bytes).
    Removing stm32f1xx_hal_tim.o(.ARM.exidx.text.TIM_CCxChannelCmd), (8 bytes).
    Removing stm32f1xx_hal_tim.o(.text.HAL_TIM_OC_Stop), (178 bytes).
    Removing stm32f1xx_hal_tim.o(.ARM.exidx.text.HAL_TIM_OC_Stop), (8 bytes).
    Removing stm32f1xx_hal_tim.o(.text.HAL_TIM_OC_Start_IT), (280 bytes).
    Removing stm32f1xx_hal_tim.o(.ARM.exidx.text.HAL_TIM_OC_Start_IT), (8 bytes).
    Removing stm32f1xx_hal_tim.o(.text.HAL_TIM_OC_Stop_IT), (190 bytes).
    Removing stm32f1xx_hal_tim.o(.ARM.exidx.text.HAL_TIM_OC_Stop_IT), (8 bytes).
    Removing stm32f1xx_hal_tim.o(.text.HAL_TIM_OC_Start_DMA), (582 bytes).
    Removing stm32f1xx_hal_tim.o(.ARM.exidx.text.HAL_TIM_OC_Start_DMA), (8 bytes).
    Removing stm32f1xx_hal_tim.o(.text.TIM_DMADelayPulseCplt), (106 bytes).
    Removing stm32f1xx_hal_tim.o(.ARM.exidx.text.TIM_DMADelayPulseCplt), (8 bytes).
    Removing stm32f1xx_hal_tim.o(.text.TIM_DMADelayPulseHalfCplt), (56 bytes).
    Removing stm32f1xx_hal_tim.o(.ARM.exidx.text.TIM_DMADelayPulseHalfCplt), (8 bytes).
    Removing stm32f1xx_hal_tim.o(.text.HAL_TIM_OC_Stop_DMA), (242 bytes).
    Removing stm32f1xx_hal_tim.o(.ARM.exidx.text.HAL_TIM_OC_Stop_DMA), (8 bytes).
    Removing stm32f1xx_hal_tim.o(.ARM.exidx.text.HAL_TIM_PWM_Init), (8 bytes).
    Removing stm32f1xx_hal_tim.o(.ARM.exidx.text.HAL_TIM_PWM_MspInit), (8 bytes).
    Removing stm32f1xx_hal_tim.o(.text.HAL_TIM_PWM_DeInit), (96 bytes).
    Removing stm32f1xx_hal_tim.o(.ARM.exidx.text.HAL_TIM_PWM_DeInit), (8 bytes).
    Removing stm32f1xx_hal_tim.o(.text.HAL_TIM_PWM_MspDeInit), (2 bytes).
    Removing stm32f1xx_hal_tim.o(.ARM.exidx.text.HAL_TIM_PWM_MspDeInit), (8 bytes).
    Removing stm32f1xx_hal_tim.o(.ARM.exidx.text.HAL_TIM_PWM_Start), (8 bytes).
    Removing stm32f1xx_hal_tim.o(.text.HAL_TIM_PWM_Stop), (178 bytes).
    Removing stm32f1xx_hal_tim.o(.ARM.exidx.text.HAL_TIM_PWM_Stop), (8 bytes).
    Removing stm32f1xx_hal_tim.o(.text.HAL_TIM_PWM_Start_IT), (280 bytes).
    Removing stm32f1xx_hal_tim.o(.ARM.exidx.text.HAL_TIM_PWM_Start_IT), (8 bytes).
    Removing stm32f1xx_hal_tim.o(.text.HAL_TIM_PWM_Stop_IT), (190 bytes).
    Removing stm32f1xx_hal_tim.o(.ARM.exidx.text.HAL_TIM_PWM_Stop_IT), (8 bytes).
    Removing stm32f1xx_hal_tim.o(.text.HAL_TIM_PWM_Start_DMA), (582 bytes).
    Removing stm32f1xx_hal_tim.o(.ARM.exidx.text.HAL_TIM_PWM_Start_DMA), (8 bytes).
    Removing stm32f1xx_hal_tim.o(.text.HAL_TIM_PWM_Stop_DMA), (242 bytes).
    Removing stm32f1xx_hal_tim.o(.ARM.exidx.text.HAL_TIM_PWM_Stop_DMA), (8 bytes).
    Removing stm32f1xx_hal_tim.o(.text.HAL_TIM_IC_Init), (250 bytes).
    Removing stm32f1xx_hal_tim.o(.ARM.exidx.text.HAL_TIM_IC_Init), (8 bytes).
    Removing stm32f1xx_hal_tim.o(.text.HAL_TIM_IC_MspInit), (2 bytes).
    Removing stm32f1xx_hal_tim.o(.ARM.exidx.text.HAL_TIM_IC_MspInit), (8 bytes).
    Removing stm32f1xx_hal_tim.o(.text.HAL_TIM_IC_DeInit), (96 bytes).
    Removing stm32f1xx_hal_tim.o(.ARM.exidx.text.HAL_TIM_IC_DeInit), (8 bytes).
    Removing stm32f1xx_hal_tim.o(.text.HAL_TIM_IC_MspDeInit), (2 bytes).
    Removing stm32f1xx_hal_tim.o(.ARM.exidx.text.HAL_TIM_IC_MspDeInit), (8 bytes).
    Removing stm32f1xx_hal_tim.o(.text.HAL_TIM_IC_Start), (240 bytes).
    Removing stm32f1xx_hal_tim.o(.ARM.exidx.text.HAL_TIM_IC_Start), (8 bytes).
    Removing stm32f1xx_hal_tim.o(.text.HAL_TIM_IC_Stop), (126 bytes).
    Removing stm32f1xx_hal_tim.o(.ARM.exidx.text.HAL_TIM_IC_Stop), (8 bytes).
    Removing stm32f1xx_hal_tim.o(.text.HAL_TIM_IC_Start_IT), (304 bytes).
    Removing stm32f1xx_hal_tim.o(.ARM.exidx.text.HAL_TIM_IC_Start_IT), (8 bytes).
    Removing stm32f1xx_hal_tim.o(.text.HAL_TIM_IC_Stop_IT), (158 bytes).
    Removing stm32f1xx_hal_tim.o(.ARM.exidx.text.HAL_TIM_IC_Stop_IT), (8 bytes).
    Removing stm32f1xx_hal_tim.o(.text.HAL_TIM_IC_Start_DMA), (524 bytes).
    Removing stm32f1xx_hal_tim.o(.ARM.exidx.text.HAL_TIM_IC_Start_DMA), (8 bytes).
    Removing stm32f1xx_hal_tim.o(.text.TIM_DMACaptureCplt), (118 bytes).
    Removing stm32f1xx_hal_tim.o(.ARM.exidx.text.TIM_DMACaptureCplt), (8 bytes).
    Removing stm32f1xx_hal_tim.o(.text.TIM_DMACaptureHalfCplt), (56 bytes).
    Removing stm32f1xx_hal_tim.o(.ARM.exidx.text.TIM_DMACaptureHalfCplt), (8 bytes).
    Removing stm32f1xx_hal_tim.o(.text.HAL_TIM_IC_Stop_DMA), (210 bytes).
    Removing stm32f1xx_hal_tim.o(.ARM.exidx.text.HAL_TIM_IC_Stop_DMA), (8 bytes).
    Removing stm32f1xx_hal_tim.o(.text.HAL_TIM_OnePulse_Init), (244 bytes).
    Removing stm32f1xx_hal_tim.o(.ARM.exidx.text.HAL_TIM_OnePulse_Init), (8 bytes).
    Removing stm32f1xx_hal_tim.o(.text.HAL_TIM_OnePulse_MspInit), (2 bytes).
    Removing stm32f1xx_hal_tim.o(.ARM.exidx.text.HAL_TIM_OnePulse_MspInit), (8 bytes).
    Removing stm32f1xx_hal_tim.o(.text.HAL_TIM_OnePulse_DeInit), (80 bytes).
    Removing stm32f1xx_hal_tim.o(.ARM.exidx.text.HAL_TIM_OnePulse_DeInit), (8 bytes).
    Removing stm32f1xx_hal_tim.o(.text.HAL_TIM_OnePulse_MspDeInit), (2 bytes).
    Removing stm32f1xx_hal_tim.o(.ARM.exidx.text.HAL_TIM_OnePulse_MspDeInit), (8 bytes).
    Removing stm32f1xx_hal_tim.o(.text.HAL_TIM_OnePulse_Start), (128 bytes).
    Removing stm32f1xx_hal_tim.o(.ARM.exidx.text.HAL_TIM_OnePulse_Start), (8 bytes).
    Removing stm32f1xx_hal_tim.o(.text.HAL_TIM_OnePulse_Stop), (128 bytes).
    Removing stm32f1xx_hal_tim.o(.ARM.exidx.text.HAL_TIM_OnePulse_Stop), (8 bytes).
    Removing stm32f1xx_hal_tim.o(.text.HAL_TIM_OnePulse_Start_IT), (144 bytes).
    Removing stm32f1xx_hal_tim.o(.ARM.exidx.text.HAL_TIM_OnePulse_Start_IT), (8 bytes).
    Removing stm32f1xx_hal_tim.o(.text.HAL_TIM_OnePulse_Stop_IT), (144 bytes).
    Removing stm32f1xx_hal_tim.o(.ARM.exidx.text.HAL_TIM_OnePulse_Stop_IT), (8 bytes).
    Removing stm32f1xx_hal_tim.o(.ARM.exidx.text.HAL_TIM_Encoder_Init), (8 bytes).
    Removing stm32f1xx_hal_tim.o(.text.HAL_TIM_Encoder_MspInit), (2 bytes).
    Removing stm32f1xx_hal_tim.o(.ARM.exidx.text.HAL_TIM_Encoder_MspInit), (8 bytes).
    Removing stm32f1xx_hal_tim.o(.text.HAL_TIM_Encoder_DeInit), (80 bytes).
    Removing stm32f1xx_hal_tim.o(.ARM.exidx.text.HAL_TIM_Encoder_DeInit), (8 bytes).
    Removing stm32f1xx_hal_tim.o(.text.HAL_TIM_Encoder_MspDeInit), (2 bytes).
    Removing stm32f1xx_hal_tim.o(.ARM.exidx.text.HAL_TIM_Encoder_MspDeInit), (8 bytes).
    Removing stm32f1xx_hal_tim.o(.ARM.exidx.text.HAL_TIM_Encoder_Start), (8 bytes).
    Removing stm32f1xx_hal_tim.o(.text.HAL_TIM_Encoder_Stop), (170 bytes).
    Removing stm32f1xx_hal_tim.o(.ARM.exidx.text.HAL_TIM_Encoder_Stop), (8 bytes).
    Removing stm32f1xx_hal_tim.o(.text.HAL_TIM_Encoder_Start_IT), (230 bytes).
    Removing stm32f1xx_hal_tim.o(.ARM.exidx.text.HAL_TIM_Encoder_Start_IT), (8 bytes).
    Removing stm32f1xx_hal_tim.o(.text.HAL_TIM_Encoder_Stop_IT), (210 bytes).
    Removing stm32f1xx_hal_tim.o(.ARM.exidx.text.HAL_TIM_Encoder_Stop_IT), (8 bytes).
    Removing stm32f1xx_hal_tim.o(.text.HAL_TIM_Encoder_Start_DMA), (528 bytes).
    Removing stm32f1xx_hal_tim.o(.ARM.exidx.text.HAL_TIM_Encoder_Start_DMA), (8 bytes).
    Removing stm32f1xx_hal_tim.o(.text.HAL_TIM_Encoder_Stop_DMA), (232 bytes).
    Removing stm32f1xx_hal_tim.o(.ARM.exidx.text.HAL_TIM_Encoder_Stop_DMA), (8 bytes).
    Removing stm32f1xx_hal_tim.o(.ARM.exidx.text.HAL_TIM_IRQHandler), (8 bytes).
    Removing stm32f1xx_hal_tim.o(.ARM.exidx.text.HAL_TIM_IC_CaptureCallback), (8 bytes).
    Removing stm32f1xx_hal_tim.o(.ARM.exidx.text.HAL_TIM_OC_DelayElapsedCallback), (8 bytes).
    Removing stm32f1xx_hal_tim.o(.ARM.exidx.text.HAL_TIM_PWM_PulseFinishedCallback), (8 bytes).
    Removing stm32f1xx_hal_tim.o(.text.HAL_TIM_PeriodElapsedCallback), (2 bytes).
    Removing stm32f1xx_hal_tim.o(.ARM.exidx.text.HAL_TIM_PeriodElapsedCallback), (8 bytes).
    Removing stm32f1xx_hal_tim.o(.ARM.exidx.text.HAL_TIM_TriggerCallback), (8 bytes).
    Removing stm32f1xx_hal_tim.o(.text.HAL_TIM_OC_ConfigChannel), (418 bytes).
    Removing stm32f1xx_hal_tim.o(.ARM.exidx.text.HAL_TIM_OC_ConfigChannel), (8 bytes).
    Removing stm32f1xx_hal_tim.o(.text.TIM_OC2_SetConfig), (96 bytes).
    Removing stm32f1xx_hal_tim.o(.ARM.exidx.text.TIM_OC2_SetConfig), (8 bytes).
    Removing stm32f1xx_hal_tim.o(.text.HAL_TIM_IC_ConfigChannel), (382 bytes).
    Removing stm32f1xx_hal_tim.o(.ARM.exidx.text.HAL_TIM_IC_ConfigChannel), (8 bytes).
    Removing stm32f1xx_hal_tim.o(.text.TIM_TI1_SetConfig), (114 bytes).
    Removing stm32f1xx_hal_tim.o(.ARM.exidx.text.TIM_TI1_SetConfig), (8 bytes).
    Removing stm32f1xx_hal_tim.o(.ARM.exidx.text.HAL_TIM_PWM_ConfigChannel), (8 bytes).
    Removing stm32f1xx_hal_tim.o(.text.HAL_TIM_OnePulse_ConfigChannel), (474 bytes).
    Removing stm32f1xx_hal_tim.o(.ARM.exidx.text.HAL_TIM_OnePulse_ConfigChannel), (8 bytes).
    Removing stm32f1xx_hal_tim.o(.text.HAL_TIM_DMABurst_WriteStart), (28 bytes).
    Removing stm32f1xx_hal_tim.o(.ARM.exidx.text.HAL_TIM_DMABurst_WriteStart), (8 bytes).
    Removing stm32f1xx_hal_tim.o(.text.HAL_TIM_DMABurst_MultiWriteStart), (452 bytes).
    Removing stm32f1xx_hal_tim.o(.ARM.exidx.text.HAL_TIM_DMABurst_MultiWriteStart), (8 bytes).
    Removing stm32f1xx_hal_tim.o(.text.TIM_DMATriggerCplt), (20 bytes).
    Removing stm32f1xx_hal_tim.o(.ARM.exidx.text.TIM_DMATriggerCplt), (8 bytes).
    Removing stm32f1xx_hal_tim.o(.text.TIM_DMATriggerHalfCplt), (6 bytes).
    Removing stm32f1xx_hal_tim.o(.ARM.exidx.text.TIM_DMATriggerHalfCplt), (8 bytes).
    Removing stm32f1xx_hal_tim.o(.text.HAL_TIM_DMABurst_WriteStop), (132 bytes).
    Removing stm32f1xx_hal_tim.o(.ARM.exidx.text.HAL_TIM_DMABurst_WriteStop), (8 bytes).
    Removing stm32f1xx_hal_tim.o(.text.HAL_TIM_DMABurst_ReadStart), (28 bytes).
    Removing stm32f1xx_hal_tim.o(.ARM.exidx.text.HAL_TIM_DMABurst_ReadStart), (8 bytes).
    Removing stm32f1xx_hal_tim.o(.text.HAL_TIM_DMABurst_MultiReadStart), (452 bytes).
    Removing stm32f1xx_hal_tim.o(.ARM.exidx.text.HAL_TIM_DMABurst_MultiReadStart), (8 bytes).
    Removing stm32f1xx_hal_tim.o(.text.HAL_TIM_DMABurst_ReadStop), (132 bytes).
    Removing stm32f1xx_hal_tim.o(.ARM.exidx.text.HAL_TIM_DMABurst_ReadStop), (8 bytes).
    Removing stm32f1xx_hal_tim.o(.text.HAL_TIM_GenerateEvent), (36 bytes).
    Removing stm32f1xx_hal_tim.o(.ARM.exidx.text.HAL_TIM_GenerateEvent), (8 bytes).
    Removing stm32f1xx_hal_tim.o(.text.HAL_TIM_ConfigOCrefClear), (212 bytes).
    Removing stm32f1xx_hal_tim.o(.ARM.exidx.text.HAL_TIM_ConfigOCrefClear), (8 bytes).
    Removing stm32f1xx_hal_tim.o(.text.TIM_ETR_SetConfig), (22 bytes).
    Removing stm32f1xx_hal_tim.o(.ARM.exidx.text.TIM_ETR_SetConfig), (8 bytes).
    Removing stm32f1xx_hal_tim.o(.ARM.exidx.text.HAL_TIM_ConfigClockSource), (8 bytes).
    Removing stm32f1xx_hal_tim.o(.text.HAL_TIM_ConfigTI1Input), (16 bytes).
    Removing stm32f1xx_hal_tim.o(.ARM.exidx.text.HAL_TIM_ConfigTI1Input), (8 bytes).
    Removing stm32f1xx_hal_tim.o(.text.HAL_TIM_SlaveConfigSynchro), (88 bytes).
    Removing stm32f1xx_hal_tim.o(.ARM.exidx.text.HAL_TIM_SlaveConfigSynchro), (8 bytes).
    Removing stm32f1xx_hal_tim.o(.text.TIM_SlaveTimer_SetConfig), (220 bytes).
    Removing stm32f1xx_hal_tim.o(.ARM.exidx.text.TIM_SlaveTimer_SetConfig), (8 bytes).
    Removing stm32f1xx_hal_tim.o(.text.HAL_TIM_SlaveConfigSynchro_IT), (88 bytes).
    Removing stm32f1xx_hal_tim.o(.ARM.exidx.text.HAL_TIM_SlaveConfigSynchro_IT), (8 bytes).
    Removing stm32f1xx_hal_tim.o(.text.HAL_TIM_ReadCapturedValue), (52 bytes).
    Removing stm32f1xx_hal_tim.o(.ARM.exidx.text.HAL_TIM_ReadCapturedValue), (8 bytes).
    Removing stm32f1xx_hal_tim.o(.text.HAL_TIM_PeriodElapsedHalfCpltCallback), (2 bytes).
    Removing stm32f1xx_hal_tim.o(.ARM.exidx.text.HAL_TIM_PeriodElapsedHalfCpltCallback), (8 bytes).
    Removing stm32f1xx_hal_tim.o(.text.HAL_TIM_IC_CaptureHalfCpltCallback), (2 bytes).
    Removing stm32f1xx_hal_tim.o(.ARM.exidx.text.HAL_TIM_IC_CaptureHalfCpltCallback), (8 bytes).
    Removing stm32f1xx_hal_tim.o(.text.HAL_TIM_PWM_PulseFinishedHalfCpltCallback), (2 bytes).
    Removing stm32f1xx_hal_tim.o(.ARM.exidx.text.HAL_TIM_PWM_PulseFinishedHalfCpltCallback), (8 bytes).
    Removing stm32f1xx_hal_tim.o(.text.HAL_TIM_TriggerHalfCpltCallback), (2 bytes).
    Removing stm32f1xx_hal_tim.o(.ARM.exidx.text.HAL_TIM_TriggerHalfCpltCallback), (8 bytes).
    Removing stm32f1xx_hal_tim.o(.text.HAL_TIM_ErrorCallback), (2 bytes).
    Removing stm32f1xx_hal_tim.o(.ARM.exidx.text.HAL_TIM_ErrorCallback), (8 bytes).
    Removing stm32f1xx_hal_tim.o(.text.HAL_TIM_Base_GetState), (6 bytes).
    Removing stm32f1xx_hal_tim.o(.ARM.exidx.text.HAL_TIM_Base_GetState), (8 bytes).
    Removing stm32f1xx_hal_tim.o(.text.HAL_TIM_OC_GetState), (6 bytes).
    Removing stm32f1xx_hal_tim.o(.ARM.exidx.text.HAL_TIM_OC_GetState), (8 bytes).
    Removing stm32f1xx_hal_tim.o(.text.HAL_TIM_PWM_GetState), (6 bytes).
    Removing stm32f1xx_hal_tim.o(.ARM.exidx.text.HAL_TIM_PWM_GetState), (8 bytes).
    Removing stm32f1xx_hal_tim.o(.text.HAL_TIM_IC_GetState), (6 bytes).
    Removing stm32f1xx_hal_tim.o(.ARM.exidx.text.HAL_TIM_IC_GetState), (8 bytes).
    Removing stm32f1xx_hal_tim.o(.text.HAL_TIM_OnePulse_GetState), (6 bytes).
    Removing stm32f1xx_hal_tim.o(.ARM.exidx.text.HAL_TIM_OnePulse_GetState), (8 bytes).
    Removing stm32f1xx_hal_tim.o(.text.HAL_TIM_Encoder_GetState), (6 bytes).
    Removing stm32f1xx_hal_tim.o(.ARM.exidx.text.HAL_TIM_Encoder_GetState), (8 bytes).
    Removing stm32f1xx_hal_tim.o(.text.HAL_TIM_GetActiveChannel), (4 bytes).
    Removing stm32f1xx_hal_tim.o(.ARM.exidx.text.HAL_TIM_GetActiveChannel), (8 bytes).
    Removing stm32f1xx_hal_tim.o(.text.HAL_TIM_GetChannelState), (34 bytes).
    Removing stm32f1xx_hal_tim.o(.ARM.exidx.text.HAL_TIM_GetChannelState), (8 bytes).
    Removing stm32f1xx_hal_tim.o(.text.HAL_TIM_DMABurstState), (6 bytes).
    Removing stm32f1xx_hal_tim.o(.ARM.exidx.text.HAL_TIM_DMABurstState), (8 bytes).
    Removing stm32f1xx_hal_tim.o(.rodata.cst16), (32 bytes).
    Removing stm32f1xx_hal_tim_ex.o(.text), (0 bytes).
    Removing stm32f1xx_hal_tim_ex.o(.text.HAL_TIMEx_HallSensor_Init), (200 bytes).
    Removing stm32f1xx_hal_tim_ex.o(.ARM.exidx.text.HAL_TIMEx_HallSensor_Init), (8 bytes).
    Removing stm32f1xx_hal_tim_ex.o(.text.HAL_TIMEx_HallSensor_MspInit), (2 bytes).
    Removing stm32f1xx_hal_tim_ex.o(.ARM.exidx.text.HAL_TIMEx_HallSensor_MspInit), (8 bytes).
    Removing stm32f1xx_hal_tim_ex.o(.text.HAL_TIMEx_HallSensor_DeInit), (80 bytes).
    Removing stm32f1xx_hal_tim_ex.o(.ARM.exidx.text.HAL_TIMEx_HallSensor_DeInit), (8 bytes).
    Removing stm32f1xx_hal_tim_ex.o(.text.HAL_TIMEx_HallSensor_MspDeInit), (2 bytes).
    Removing stm32f1xx_hal_tim_ex.o(.ARM.exidx.text.HAL_TIMEx_HallSensor_MspDeInit), (8 bytes).
    Removing stm32f1xx_hal_tim_ex.o(.text.HAL_TIMEx_HallSensor_Start), (158 bytes).
    Removing stm32f1xx_hal_tim_ex.o(.ARM.exidx.text.HAL_TIMEx_HallSensor_Start), (8 bytes).
    Removing stm32f1xx_hal_tim_ex.o(.text.HAL_TIMEx_HallSensor_Stop), (66 bytes).
    Removing stm32f1xx_hal_tim_ex.o(.ARM.exidx.text.HAL_TIMEx_HallSensor_Stop), (8 bytes).
    Removing stm32f1xx_hal_tim_ex.o(.text.HAL_TIMEx_HallSensor_Start_IT), (166 bytes).
    Removing stm32f1xx_hal_tim_ex.o(.ARM.exidx.text.HAL_TIMEx_HallSensor_Start_IT), (8 bytes).
    Removing stm32f1xx_hal_tim_ex.o(.text.HAL_TIMEx_HallSensor_Stop_IT), (74 bytes).
    Removing stm32f1xx_hal_tim_ex.o(.ARM.exidx.text.HAL_TIMEx_HallSensor_Stop_IT), (8 bytes).
    Removing stm32f1xx_hal_tim_ex.o(.text.HAL_TIMEx_HallSensor_Start_DMA), (232 bytes).
    Removing stm32f1xx_hal_tim_ex.o(.ARM.exidx.text.HAL_TIMEx_HallSensor_Start_DMA), (8 bytes).
    Removing stm32f1xx_hal_tim_ex.o(.text.HAL_TIMEx_HallSensor_Stop_DMA), (74 bytes).
    Removing stm32f1xx_hal_tim_ex.o(.ARM.exidx.text.HAL_TIMEx_HallSensor_Stop_DMA), (8 bytes).
    Removing stm32f1xx_hal_tim_ex.o(.text.HAL_TIMEx_OCN_Start), (198 bytes).
    Removing stm32f1xx_hal_tim_ex.o(.ARM.exidx.text.HAL_TIMEx_OCN_Start), (8 bytes).
    Removing stm32f1xx_hal_tim_ex.o(.text.HAL_TIMEx_OCN_Stop), (146 bytes).
    Removing stm32f1xx_hal_tim_ex.o(.ARM.exidx.text.HAL_TIMEx_OCN_Stop), (8 bytes).
    Removing stm32f1xx_hal_tim_ex.o(.text.HAL_TIMEx_OCN_Start_IT), (214 bytes).
    Removing stm32f1xx_hal_tim_ex.o(.ARM.exidx.text.HAL_TIMEx_OCN_Start_IT), (8 bytes).
    Removing stm32f1xx_hal_tim_ex.o(.text.HAL_TIMEx_OCN_Stop_IT), (230 bytes).
    Removing stm32f1xx_hal_tim_ex.o(.ARM.exidx.text.HAL_TIMEx_OCN_Stop_IT), (8 bytes).
    Removing stm32f1xx_hal_tim_ex.o(.text.HAL_TIMEx_OCN_Start_DMA), (466 bytes).
    Removing stm32f1xx_hal_tim_ex.o(.ARM.exidx.text.HAL_TIMEx_OCN_Start_DMA), (8 bytes).
    Removing stm32f1xx_hal_tim_ex.o(.text.TIM_DMADelayPulseNCplt), (82 bytes).
    Removing stm32f1xx_hal_tim_ex.o(.ARM.exidx.text.TIM_DMADelayPulseNCplt), (8 bytes).
    Removing stm32f1xx_hal_tim_ex.o(.text.TIM_DMAErrorCCxN), (70 bytes).
    Removing stm32f1xx_hal_tim_ex.o(.ARM.exidx.text.TIM_DMAErrorCCxN), (8 bytes).
    Removing stm32f1xx_hal_tim_ex.o(.text.HAL_TIMEx_OCN_Stop_DMA), (192 bytes).
    Removing stm32f1xx_hal_tim_ex.o(.ARM.exidx.text.HAL_TIMEx_OCN_Stop_DMA), (8 bytes).
    Removing stm32f1xx_hal_tim_ex.o(.text.HAL_TIMEx_PWMN_Start), (198 bytes).
    Removing stm32f1xx_hal_tim_ex.o(.ARM.exidx.text.HAL_TIMEx_PWMN_Start), (8 bytes).
    Removing stm32f1xx_hal_tim_ex.o(.text.HAL_TIMEx_PWMN_Stop), (146 bytes).
    Removing stm32f1xx_hal_tim_ex.o(.ARM.exidx.text.HAL_TIMEx_PWMN_Stop), (8 bytes).
    Removing stm32f1xx_hal_tim_ex.o(.text.HAL_TIMEx_PWMN_Start_IT), (214 bytes).
    Removing stm32f1xx_hal_tim_ex.o(.ARM.exidx.text.HAL_TIMEx_PWMN_Start_IT), (8 bytes).
    Removing stm32f1xx_hal_tim_ex.o(.text.HAL_TIMEx_PWMN_Stop_IT), (230 bytes).
    Removing stm32f1xx_hal_tim_ex.o(.ARM.exidx.text.HAL_TIMEx_PWMN_Stop_IT), (8 bytes).
    Removing stm32f1xx_hal_tim_ex.o(.text.HAL_TIMEx_PWMN_Start_DMA), (466 bytes).
    Removing stm32f1xx_hal_tim_ex.o(.ARM.exidx.text.HAL_TIMEx_PWMN_Start_DMA), (8 bytes).
    Removing stm32f1xx_hal_tim_ex.o(.text.HAL_TIMEx_PWMN_Stop_DMA), (192 bytes).
    Removing stm32f1xx_hal_tim_ex.o(.ARM.exidx.text.HAL_TIMEx_PWMN_Stop_DMA), (8 bytes).
    Removing stm32f1xx_hal_tim_ex.o(.text.HAL_TIMEx_OnePulseN_Start), (120 bytes).
    Removing stm32f1xx_hal_tim_ex.o(.ARM.exidx.text.HAL_TIMEx_OnePulseN_Start), (8 bytes).
    Removing stm32f1xx_hal_tim_ex.o(.text.HAL_TIMEx_OnePulseN_Stop), (128 bytes).
    Removing stm32f1xx_hal_tim_ex.o(.ARM.exidx.text.HAL_TIMEx_OnePulseN_Stop), (8 bytes).
    Removing stm32f1xx_hal_tim_ex.o(.text.HAL_TIMEx_OnePulseN_Start_IT), (136 bytes).
    Removing stm32f1xx_hal_tim_ex.o(.ARM.exidx.text.HAL_TIMEx_OnePulseN_Start_IT), (8 bytes).
    Removing stm32f1xx_hal_tim_ex.o(.text.HAL_TIMEx_OnePulseN_Stop_IT), (144 bytes).
    Removing stm32f1xx_hal_tim_ex.o(.ARM.exidx.text.HAL_TIMEx_OnePulseN_Stop_IT), (8 bytes).
    Removing stm32f1xx_hal_tim_ex.o(.text.HAL_TIMEx_ConfigCommutEvent), (118 bytes).
    Removing stm32f1xx_hal_tim_ex.o(.ARM.exidx.text.HAL_TIMEx_ConfigCommutEvent), (8 bytes).
    Removing stm32f1xx_hal_tim_ex.o(.text.HAL_TIMEx_ConfigCommutEvent_IT), (118 bytes).
    Removing stm32f1xx_hal_tim_ex.o(.ARM.exidx.text.HAL_TIMEx_ConfigCommutEvent_IT), (8 bytes).
    Removing stm32f1xx_hal_tim_ex.o(.text.HAL_TIMEx_ConfigCommutEvent_DMA), (154 bytes).
    Removing stm32f1xx_hal_tim_ex.o(.ARM.exidx.text.HAL_TIMEx_ConfigCommutEvent_DMA), (8 bytes).
    Removing stm32f1xx_hal_tim_ex.o(.text.TIMEx_DMACommutationCplt), (12 bytes).
    Removing stm32f1xx_hal_tim_ex.o(.ARM.exidx.text.TIMEx_DMACommutationCplt), (8 bytes).
    Removing stm32f1xx_hal_tim_ex.o(.text.TIMEx_DMACommutationHalfCplt), (12 bytes).
    Removing stm32f1xx_hal_tim_ex.o(.ARM.exidx.text.TIMEx_DMACommutationHalfCplt), (8 bytes).
    Removing stm32f1xx_hal_tim_ex.o(.ARM.exidx.text.HAL_TIMEx_MasterConfigSynchronization), (8 bytes).
    Removing stm32f1xx_hal_tim_ex.o(.ARM.exidx.text.HAL_TIMEx_ConfigBreakDeadTime), (8 bytes).
    Removing stm32f1xx_hal_tim_ex.o(.text.HAL_TIMEx_RemapConfig), (4 bytes).
    Removing stm32f1xx_hal_tim_ex.o(.ARM.exidx.text.HAL_TIMEx_RemapConfig), (8 bytes).
    Removing stm32f1xx_hal_tim_ex.o(.ARM.exidx.text.HAL_TIMEx_CommutCallback), (8 bytes).
    Removing stm32f1xx_hal_tim_ex.o(.text.HAL_TIMEx_CommutHalfCpltCallback), (2 bytes).
    Removing stm32f1xx_hal_tim_ex.o(.ARM.exidx.text.HAL_TIMEx_CommutHalfCpltCallback), (8 bytes).
    Removing stm32f1xx_hal_tim_ex.o(.ARM.exidx.text.HAL_TIMEx_BreakCallback), (8 bytes).
    Removing stm32f1xx_hal_tim_ex.o(.text.HAL_TIMEx_HallSensor_GetState), (6 bytes).
    Removing stm32f1xx_hal_tim_ex.o(.ARM.exidx.text.HAL_TIMEx_HallSensor_GetState), (8 bytes).
    Removing stm32f1xx_hal_tim_ex.o(.text.HAL_TIMEx_GetChannelNState), (34 bytes).
    Removing stm32f1xx_hal_tim_ex.o(.ARM.exidx.text.HAL_TIMEx_GetChannelNState), (8 bytes).
    Removing stm32f1xx_hal_uart.o(.text), (0 bytes).
    Removing stm32f1xx_hal_uart.o(.ARM.exidx.text.HAL_UART_Init), (8 bytes).
    Removing stm32f1xx_hal_uart.o(.text.HAL_UART_MspInit), (2 bytes).
    Removing stm32f1xx_hal_uart.o(.ARM.exidx.text.HAL_UART_MspInit), (8 bytes).
    Removing stm32f1xx_hal_uart.o(.text.HAL_HalfDuplex_Init), (230 bytes).
    Removing stm32f1xx_hal_uart.o(.ARM.exidx.text.HAL_HalfDuplex_Init), (8 bytes).
    Removing stm32f1xx_hal_uart.o(.text.HAL_LIN_Init), (244 bytes).
    Removing stm32f1xx_hal_uart.o(.ARM.exidx.text.HAL_LIN_Init), (8 bytes).
    Removing stm32f1xx_hal_uart.o(.text.HAL_MultiProcessor_Init), (254 bytes).
    Removing stm32f1xx_hal_uart.o(.ARM.exidx.text.HAL_MultiProcessor_Init), (8 bytes).
    Removing stm32f1xx_hal_uart.o(.text.HAL_UART_DeInit), (56 bytes).
    Removing stm32f1xx_hal_uart.o(.ARM.exidx.text.HAL_UART_DeInit), (8 bytes).
    Removing stm32f1xx_hal_uart.o(.text.HAL_UART_MspDeInit), (2 bytes).
    Removing stm32f1xx_hal_uart.o(.ARM.exidx.text.HAL_UART_MspDeInit), (8 bytes).
    Removing stm32f1xx_hal_uart.o(.text.HAL_UART_Transmit), (358 bytes).
    Removing stm32f1xx_hal_uart.o(.ARM.exidx.text.HAL_UART_Transmit), (8 bytes).
    Removing stm32f1xx_hal_uart.o(.text.HAL_UART_Receive), (542 bytes).
    Removing stm32f1xx_hal_uart.o(.ARM.exidx.text.HAL_UART_Receive), (8 bytes).
    Removing stm32f1xx_hal_uart.o(.text.HAL_UART_Transmit_IT), (56 bytes).
    Removing stm32f1xx_hal_uart.o(.ARM.exidx.text.HAL_UART_Transmit_IT), (8 bytes).
    Removing stm32f1xx_hal_uart.o(.text.HAL_UART_Receive_IT), (82 bytes).
    Removing stm32f1xx_hal_uart.o(.ARM.exidx.text.HAL_UART_Receive_IT), (8 bytes).
    Removing stm32f1xx_hal_uart.o(.text.UART_Start_Receive_IT), (50 bytes).
    Removing stm32f1xx_hal_uart.o(.ARM.exidx.text.UART_Start_Receive_IT), (8 bytes).
    Removing stm32f1xx_hal_uart.o(.text.HAL_UART_Transmit_DMA), (200 bytes).
    Removing stm32f1xx_hal_uart.o(.ARM.exidx.text.HAL_UART_Transmit_DMA), (8 bytes).
    Removing stm32f1xx_hal_uart.o(.text.UART_DMATransmitCplt), (176 bytes).
    Removing stm32f1xx_hal_uart.o(.ARM.exidx.text.UART_DMATransmitCplt), (8 bytes).
    Removing stm32f1xx_hal_uart.o(.text.UART_DMATxHalfCplt), (6 bytes).
    Removing stm32f1xx_hal_uart.o(.ARM.exidx.text.UART_DMATxHalfCplt), (8 bytes).
    Removing stm32f1xx_hal_uart.o(.text.UART_DMAError), (380 bytes).
    Removing stm32f1xx_hal_uart.o(.ARM.exidx.text.UART_DMAError), (8 bytes).
    Removing stm32f1xx_hal_uart.o(.text.HAL_UART_Receive_DMA), (352 bytes).
    Removing stm32f1xx_hal_uart.o(.ARM.exidx.text.HAL_UART_Receive_DMA), (8 bytes).
    Removing stm32f1xx_hal_uart.o(.text.UART_Start_Receive_DMA), (316 bytes).
    Removing stm32f1xx_hal_uart.o(.ARM.exidx.text.UART_Start_Receive_DMA), (8 bytes).
    Removing stm32f1xx_hal_uart.o(.text.HAL_UART_DMAPause), (342 bytes).
    Removing stm32f1xx_hal_uart.o(.ARM.exidx.text.HAL_UART_DMAPause), (8 bytes).
    Removing stm32f1xx_hal_uart.o(.text.HAL_UART_DMAResume), (348 bytes).
    Removing stm32f1xx_hal_uart.o(.ARM.exidx.text.HAL_UART_DMAResume), (8 bytes).
    Removing stm32f1xx_hal_uart.o(.text.HAL_UART_DMAStop), (548 bytes).
    Removing stm32f1xx_hal_uart.o(.ARM.exidx.text.HAL_UART_DMAStop), (8 bytes).
    Removing stm32f1xx_hal_uart.o(.text.HAL_UARTEx_ReceiveToIdle), (482 bytes).
    Removing stm32f1xx_hal_uart.o(.ARM.exidx.text.HAL_UARTEx_ReceiveToIdle), (8 bytes).
    Removing stm32f1xx_hal_uart.o(.text.HAL_UARTEx_ReceiveToIdle_IT), (224 bytes).
    Removing stm32f1xx_hal_uart.o(.ARM.exidx.text.HAL_UARTEx_ReceiveToIdle_IT), (8 bytes).
    Removing stm32f1xx_hal_uart.o(.text.HAL_UARTEx_ReceiveToIdle_DMA), (486 bytes).
    Removing stm32f1xx_hal_uart.o(.ARM.exidx.text.HAL_UARTEx_ReceiveToIdle_DMA), (8 bytes).
    Removing stm32f1xx_hal_uart.o(.text.HAL_UARTEx_GetRxEventType), (4 bytes).
    Removing stm32f1xx_hal_uart.o(.ARM.exidx.text.HAL_UARTEx_GetRxEventType), (8 bytes).
    Removing stm32f1xx_hal_uart.o(.text.HAL_UART_Abort), (482 bytes).
    Removing stm32f1xx_hal_uart.o(.ARM.exidx.text.HAL_UART_Abort), (8 bytes).
    Removing stm32f1xx_hal_uart.o(.text.HAL_UART_AbortTransmit), (208 bytes).
    Removing stm32f1xx_hal_uart.o(.ARM.exidx.text.HAL_UART_AbortTransmit), (8 bytes).
    Removing stm32f1xx_hal_uart.o(.text.HAL_UART_AbortReceive), (366 bytes).
    Removing stm32f1xx_hal_uart.o(.ARM.exidx.text.HAL_UART_AbortReceive), (8 bytes).
    Removing stm32f1xx_hal_uart.o(.text.HAL_UART_Abort_IT), (520 bytes).
    Removing stm32f1xx_hal_uart.o(.ARM.exidx.text.HAL_UART_Abort_IT), (8 bytes).
    Removing stm32f1xx_hal_uart.o(.text.UART_DMATxAbortCallback), (42 bytes).
    Removing stm32f1xx_hal_uart.o(.ARM.exidx.text.UART_DMATxAbortCallback), (8 bytes).
    Removing stm32f1xx_hal_uart.o(.text.UART_DMARxAbortCallback), (42 bytes).
    Removing stm32f1xx_hal_uart.o(.ARM.exidx.text.UART_DMARxAbortCallback), (8 bytes).
    Removing stm32f1xx_hal_uart.o(.text.HAL_UART_AbortCpltCallback), (2 bytes).
    Removing stm32f1xx_hal_uart.o(.ARM.exidx.text.HAL_UART_AbortCpltCallback), (8 bytes).
    Removing stm32f1xx_hal_uart.o(.text.HAL_UART_AbortTransmit_IT), (236 bytes).
    Removing stm32f1xx_hal_uart.o(.ARM.exidx.text.HAL_UART_AbortTransmit_IT), (8 bytes).
    Removing stm32f1xx_hal_uart.o(.text.UART_DMATxOnlyAbortCallback), (16 bytes).
    Removing stm32f1xx_hal_uart.o(.ARM.exidx.text.UART_DMATxOnlyAbortCallback), (8 bytes).
    Removing stm32f1xx_hal_uart.o(.text.HAL_UART_AbortTransmitCpltCallback), (2 bytes).
    Removing stm32f1xx_hal_uart.o(.ARM.exidx.text.HAL_UART_AbortTransmitCpltCallback), (8 bytes).
    Removing stm32f1xx_hal_uart.o(.text.HAL_UART_AbortReceive_IT), (394 bytes).
    Removing stm32f1xx_hal_uart.o(.ARM.exidx.text.HAL_UART_AbortReceive_IT), (8 bytes).
    Removing stm32f1xx_hal_uart.o(.text.UART_DMARxOnlyAbortCallback), (18 bytes).
    Removing stm32f1xx_hal_uart.o(.ARM.exidx.text.UART_DMARxOnlyAbortCallback), (8 bytes).
    Removing stm32f1xx_hal_uart.o(.text.HAL_UART_AbortReceiveCpltCallback), (2 bytes).
    Removing stm32f1xx_hal_uart.o(.ARM.exidx.text.HAL_UART_AbortReceiveCpltCallback), (8 bytes).
    Removing stm32f1xx_hal_uart.o(.ARM.exidx.text.HAL_UART_IRQHandler), (8 bytes).
    Removing stm32f1xx_hal_uart.o(.ARM.exidx.text.UART_Receive_IT), (8 bytes).
    Removing stm32f1xx_hal_uart.o(.ARM.exidx.text.UART_DMAAbortOnError), (8 bytes).
    Removing stm32f1xx_hal_uart.o(.ARM.exidx.text.HAL_UART_ErrorCallback), (8 bytes).
    Removing stm32f1xx_hal_uart.o(.ARM.exidx.text.HAL_UARTEx_RxEventCallback), (8 bytes).
    Removing stm32f1xx_hal_uart.o(.ARM.exidx.text.HAL_UART_TxCpltCallback), (8 bytes).
    Removing stm32f1xx_hal_uart.o(.text.HAL_UART_TxHalfCpltCallback), (2 bytes).
    Removing stm32f1xx_hal_uart.o(.ARM.exidx.text.HAL_UART_TxHalfCpltCallback), (8 bytes).
    Removing stm32f1xx_hal_uart.o(.ARM.exidx.text.HAL_UART_RxCpltCallback), (8 bytes).
    Removing stm32f1xx_hal_uart.o(.text.HAL_UART_RxHalfCpltCallback), (2 bytes).
    Removing stm32f1xx_hal_uart.o(.ARM.exidx.text.HAL_UART_RxHalfCpltCallback), (8 bytes).
    Removing stm32f1xx_hal_uart.o(.text.HAL_LIN_SendBreak), (114 bytes).
    Removing stm32f1xx_hal_uart.o(.ARM.exidx.text.HAL_LIN_SendBreak), (8 bytes).
    Removing stm32f1xx_hal_uart.o(.text.HAL_MultiProcessor_EnterMuteMode), (116 bytes).
    Removing stm32f1xx_hal_uart.o(.ARM.exidx.text.HAL_MultiProcessor_EnterMuteMode), (8 bytes).
    Removing stm32f1xx_hal_uart.o(.text.HAL_MultiProcessor_ExitMuteMode), (116 bytes).
    Removing stm32f1xx_hal_uart.o(.ARM.exidx.text.HAL_MultiProcessor_ExitMuteMode), (8 bytes).
    Removing stm32f1xx_hal_uart.o(.text.HAL_HalfDuplex_EnableTransmitter), (44 bytes).
    Removing stm32f1xx_hal_uart.o(.ARM.exidx.text.HAL_HalfDuplex_EnableTransmitter), (8 bytes).
    Removing stm32f1xx_hal_uart.o(.text.HAL_HalfDuplex_EnableReceiver), (46 bytes).
    Removing stm32f1xx_hal_uart.o(.ARM.exidx.text.HAL_HalfDuplex_EnableReceiver), (8 bytes).
    Removing stm32f1xx_hal_uart.o(.text.HAL_UART_GetState), (14 bytes).
    Removing stm32f1xx_hal_uart.o(.ARM.exidx.text.HAL_UART_GetState), (8 bytes).
    Removing stm32f1xx_hal_uart.o(.text.HAL_UART_GetError), (4 bytes).
    Removing stm32f1xx_hal_uart.o(.ARM.exidx.text.HAL_UART_GetError), (8 bytes).
    Removing stm32f1xx_hal_uart.o(.text.UART_DMAReceiveCplt), (350 bytes).
    Removing stm32f1xx_hal_uart.o(.ARM.exidx.text.UART_DMAReceiveCplt), (8 bytes).
    Removing stm32f1xx_hal_uart.o(.text.UART_DMARxHalfCplt), (24 bytes).
    Removing stm32f1xx_hal_uart.o(.ARM.exidx.text.UART_DMARxHalfCplt), (8 bytes).
    Removing system_stm32f1xx.o(.text), (0 bytes).
    Removing system_stm32f1xx.o(.ARM.exidx.text.SystemInit), (8 bytes).
    Removing system_stm32f1xx.o(.text.SystemCoreClockUpdate), (112 bytes).
    Removing system_stm32f1xx.o(.ARM.exidx.text.SystemCoreClockUpdate), (8 bytes).
    Removing bmi2.o(.text), (0 bytes).
    Removing bmi2.o(.ARM.exidx.text.bmi2_sec_init), (8 bytes).
    Removing bmi2.o(.ARM.exidx.text.bmi2_get_regs), (8 bytes).
    Removing bmi2.o(.ARM.exidx.text.bmi2_soft_reset), (8 bytes).
    Removing bmi2.o(.text.bmi2_set_regs), (178 bytes).
    Removing bmi2.o(.ARM.exidx.text.bmi2_set_regs), (8 bytes).
    Removing bmi2.o(.ARM.exidx.text.bmi2_write_config_file), (8 bytes).
    Removing bmi2.o(.text.bmi2_get_config_file_version), (286 bytes).
    Removing bmi2.o(.ARM.exidx.text.bmi2_get_config_file_version), (8 bytes).
    Removing bmi2.o(.ARM.exidx.text.bmi2_set_adv_power_save), (8 bytes).
    Removing bmi2.o(.text.bmi2_get_adv_power_save), (114 bytes).
    Removing bmi2.o(.ARM.exidx.text.bmi2_get_adv_power_save), (8 bytes).
    Removing bmi2.o(.text.bmi2_get_internal_status), (134 bytes).
    Removing bmi2.o(.ARM.exidx.text.bmi2_get_internal_status), (8 bytes).
    Removing bmi2.o(.text.bmi2_set_int_pin_config), (420 bytes).
    Removing bmi2.o(.ARM.exidx.text.bmi2_set_int_pin_config), (8 bytes).
    Removing bmi2.o(.text.bmi2_get_int_pin_config), (196 bytes).
    Removing bmi2.o(.ARM.exidx.text.bmi2_get_int_pin_config), (8 bytes).
    Removing bmi2.o(.text.bmi2_get_int_status), (106 bytes).
    Removing bmi2.o(.ARM.exidx.text.bmi2_get_int_status), (8 bytes).
    Removing bmi2.o(.ARM.exidx.text.bmi2_sensor_enable), (8 bytes).
    Removing bmi2.o(.text.bmi2_sensor_disable), (750 bytes).
    Removing bmi2.o(.ARM.exidx.text.bmi2_sensor_disable), (8 bytes).
    Removing bmi2.o(.ARM.exidx.text.bmi2_set_sensor_config), (8 bytes).
    Removing bmi2.o(.ARM.exidx.text.set_accel_config), (8 bytes).
    Removing bmi2.o(.ARM.exidx.text.set_gyro_config), (8 bytes).
    Removing bmi2.o(.ARM.exidx.text.bmi2_get_sensor_config), (8 bytes).
    Removing bmi2.o(.ARM.exidx.text.bmi2_get_feature_data), (8 bytes).
    Removing bmi2.o(.ARM.exidx.text.bmi2_get_sensor_data), (8 bytes).
    Removing bmi2.o(.ARM.exidx.text.bmi2_parse_sensor_data), (8 bytes).
    Removing bmi2.o(.text.bmi2_get_temperature_data), (102 bytes).
    Removing bmi2.o(.ARM.exidx.text.bmi2_get_temperature_data), (8 bytes).
    Removing bmi2.o(.text.bmi2_set_fifo_config), (510 bytes).
    Removing bmi2.o(.ARM.exidx.text.bmi2_set_fifo_config), (8 bytes).
    Removing bmi2.o(.text.set_maxburst_len), (432 bytes).
    Removing bmi2.o(.ARM.exidx.text.set_maxburst_len), (8 bytes).
    Removing bmi2.o(.text.bmi2_get_fifo_config), (118 bytes).
    Removing bmi2.o(.ARM.exidx.text.bmi2_get_fifo_config), (8 bytes).
    Removing bmi2.o(.text.bmi2_read_fifo_data), (316 bytes).
    Removing bmi2.o(.ARM.exidx.text.bmi2_read_fifo_data), (8 bytes).
    Removing bmi2.o(.text.bmi2_extract_accel), (2788 bytes).
    Removing bmi2.o(.ARM.exidx.text.bmi2_extract_accel), (8 bytes).
    Removing bmi2.o(.text.bmi2_extract_gyro), (3112 bytes).
    Removing bmi2.o(.ARM.exidx.text.bmi2_extract_gyro), (8 bytes).
    Removing bmi2.o(.text.bmi2_extract_aux), (934 bytes).
    Removing bmi2.o(.ARM.exidx.text.bmi2_extract_aux), (8 bytes).
    Removing bmi2.o(.text.bmi2_set_command_register), (106 bytes).
    Removing bmi2.o(.ARM.exidx.text.bmi2_set_command_register), (8 bytes).
    Removing bmi2.o(.text.bmi2_set_fifo_self_wake_up), (188 bytes).
    Removing bmi2.o(.ARM.exidx.text.bmi2_set_fifo_self_wake_up), (8 bytes).
    Removing bmi2.o(.text.bmi2_get_fifo_self_wake_up), (110 bytes).
    Removing bmi2.o(.ARM.exidx.text.bmi2_get_fifo_self_wake_up), (8 bytes).
    Removing bmi2.o(.text.bmi2_set_err_reg_mask), (156 bytes).
    Removing bmi2.o(.ARM.exidx.text.bmi2_set_err_reg_mask), (8 bytes).
    Removing bmi2.o(.text.bmi2_get_err_reg_mask), (106 bytes).
    Removing bmi2.o(.ARM.exidx.text.bmi2_get_err_reg_mask), (8 bytes).
    Removing bmi2.o(.text.bmi2_set_fast_power_up), (188 bytes).
    Removing bmi2.o(.ARM.exidx.text.bmi2_set_fast_power_up), (8 bytes).
    Removing bmi2.o(.text.bmi2_get_fast_power_up), (110 bytes).
    Removing bmi2.o(.ARM.exidx.text.bmi2_get_fast_power_up), (8 bytes).
    Removing bmi2.o(.text.bmi2_set_spi_en), (176 bytes).
    Removing bmi2.o(.ARM.exidx.text.bmi2_set_spi_en), (8 bytes).
    Removing bmi2.o(.text.bmi2_get_spi_en), (110 bytes).
    Removing bmi2.o(.ARM.exidx.text.bmi2_get_spi_en), (8 bytes).
    Removing bmi2.o(.text.bmi2_set_i2c_wdt_en), (176 bytes).
    Removing bmi2.o(.ARM.exidx.text.bmi2_set_i2c_wdt_en), (8 bytes).
    Removing bmi2.o(.text.bmi2_get_i2c_wdt_en), (110 bytes).
    Removing bmi2.o(.ARM.exidx.text.bmi2_get_i2c_wdt_en), (8 bytes).
    Removing bmi2.o(.text.bmi2_set_i2c_wdt_sel), (176 bytes).
    Removing bmi2.o(.ARM.exidx.text.bmi2_set_i2c_wdt_sel), (8 bytes).
    Removing bmi2.o(.text.bmi2_get_i2c_wdt_sel), (110 bytes).
    Removing bmi2.o(.ARM.exidx.text.bmi2_get_i2c_wdt_sel), (8 bytes).
    Removing bmi2.o(.text.bmi2_set_drv_reg), (156 bytes).
    Removing bmi2.o(.ARM.exidx.text.bmi2_set_drv_reg), (8 bytes).
    Removing bmi2.o(.text.bmi2_get_drv_reg), (106 bytes).
    Removing bmi2.o(.ARM.exidx.text.bmi2_get_drv_reg), (8 bytes).
    Removing bmi2.o(.text.bmi2_set_fifo_wm), (132 bytes).
    Removing bmi2.o(.ARM.exidx.text.bmi2_set_fifo_wm), (8 bytes).
    Removing bmi2.o(.text.bmi2_get_fifo_wm), (106 bytes).
    Removing bmi2.o(.ARM.exidx.text.bmi2_get_fifo_wm), (8 bytes).
    Removing bmi2.o(.text.bmi2_set_fifo_filter_data), (312 bytes).
    Removing bmi2.o(.ARM.exidx.text.bmi2_set_fifo_filter_data), (8 bytes).
    Removing bmi2.o(.text.bmi2_get_fifo_filter_data), (198 bytes).
    Removing bmi2.o(.ARM.exidx.text.bmi2_get_fifo_filter_data), (8 bytes).
    Removing bmi2.o(.text.bmi2_set_fifo_down_sample), (292 bytes).
    Removing bmi2.o(.ARM.exidx.text.bmi2_set_fifo_down_sample), (8 bytes).
    Removing bmi2.o(.text.bmi2_get_fifo_down_sample), (202 bytes).
    Removing bmi2.o(.ARM.exidx.text.bmi2_get_fifo_down_sample), (8 bytes).
    Removing bmi2.o(.text.bmi2_get_fifo_length), (118 bytes).
    Removing bmi2.o(.ARM.exidx.text.bmi2_get_fifo_length), (8 bytes).
    Removing bmi2.o(.text.bmi2_read_aux_man_mode), (520 bytes).
    Removing bmi2.o(.ARM.exidx.text.bmi2_read_aux_man_mode), (8 bytes).
    Removing bmi2.o(.text.bmi2_write_aux_man_mode), (266 bytes).
    Removing bmi2.o(.ARM.exidx.text.bmi2_write_aux_man_mode), (8 bytes).
    Removing bmi2.o(.text.bmi2_get_status), (106 bytes).
    Removing bmi2.o(.ARM.exidx.text.bmi2_get_status), (8 bytes).
    Removing bmi2.o(.text.bmi2_set_ois_interface), (176 bytes).
    Removing bmi2.o(.ARM.exidx.text.bmi2_set_ois_interface), (8 bytes).
    Removing bmi2.o(.text.bmi2_set_spi3_interface_mode), (176 bytes).
    Removing bmi2.o(.ARM.exidx.text.bmi2_set_spi3_interface_mode), (8 bytes).
    Removing bmi2.o(.text.bmi2_get_spi3_interface_mode), (110 bytes).
    Removing bmi2.o(.ARM.exidx.text.bmi2_get_spi3_interface_mode), (8 bytes).
    Removing bmi2.o(.text.bmi2_set_spi3_ois_mode), (176 bytes).
    Removing bmi2.o(.ARM.exidx.text.bmi2_set_spi3_ois_mode), (8 bytes).
    Removing bmi2.o(.text.bmi2_get_spi3_ois_mode), (110 bytes).
    Removing bmi2.o(.ARM.exidx.text.bmi2_get_spi3_ois_mode), (8 bytes).
    Removing bmi2.o(.text.bmi2_get_internal_error_status), (106 bytes).
    Removing bmi2.o(.ARM.exidx.text.bmi2_get_internal_error_status), (8 bytes).
    Removing bmi2.o(.text.bmi2_get_saturation_status), (110 bytes).
    Removing bmi2.o(.ARM.exidx.text.bmi2_get_saturation_status), (8 bytes).
    Removing bmi2.o(.text.bmi2_write_sync_commands), (132 bytes).
    Removing bmi2.o(.ARM.exidx.text.bmi2_write_sync_commands), (8 bytes).
    Removing bmi2.o(.text.bmi2_perform_accel_self_test), (1018 bytes).
    Removing bmi2.o(.ARM.exidx.text.bmi2_perform_accel_self_test), (8 bytes).
    Removing bmi2.o(.text.bmi2_map_feat_int), (438 bytes).
    Removing bmi2.o(.ARM.exidx.text.bmi2_map_feat_int), (8 bytes).
    Removing bmi2.o(.text.bmi2_map_data_int), (234 bytes).
    Removing bmi2.o(.ARM.exidx.text.bmi2_map_data_int), (8 bytes).
    Removing bmi2.o(.text.bmi2_get_remap_axes), (484 bytes).
    Removing bmi2.o(.ARM.exidx.text.bmi2_get_remap_axes), (8 bytes).
    Removing bmi2.o(.text.bmi2_set_remap_axes), (614 bytes).
    Removing bmi2.o(.ARM.exidx.text.bmi2_set_remap_axes), (8 bytes).
    Removing bmi2.o(.text.bmi2_set_gyro_offset_comp), (176 bytes).
    Removing bmi2.o(.ARM.exidx.text.bmi2_set_gyro_offset_comp), (8 bytes).
    Removing bmi2.o(.text.bmi2_get_gyro_offset_comp), (106 bytes).
    Removing bmi2.o(.ARM.exidx.text.bmi2_get_gyro_offset_comp), (8 bytes).
    Removing bmi2.o(.text.bmi2_set_gyro_gain), (172 bytes).
    Removing bmi2.o(.ARM.exidx.text.bmi2_set_gyro_gain), (8 bytes).
    Removing bmi2.o(.text.bmi2_get_gyro_gain), (104 bytes).
    Removing bmi2.o(.ARM.exidx.text.bmi2_get_gyro_gain), (8 bytes).
    Removing bmi2.o(.text.bmi2_read_gyro_offset_comp_axes), (156 bytes).
    Removing bmi2.o(.ARM.exidx.text.bmi2_read_gyro_offset_comp_axes), (8 bytes).
    Removing bmi2.o(.text.bmi2_write_gyro_offset_comp_axes), (320 bytes).
    Removing bmi2.o(.ARM.exidx.text.bmi2_write_gyro_offset_comp_axes), (8 bytes).
    Removing bmi2.o(.ARM.exidx.text.bmi2_get_gyro_cross_sense), (8 bytes).
    Removing bmi2.o(.text.bmi2_perform_accel_foc), (3388 bytes).
    Removing bmi2.o(.ARM.exidx.text.bmi2_perform_accel_foc), (8 bytes).
    Removing bmi2.o(.text.bmi2_perform_gyro_foc), (1062 bytes).
    Removing bmi2.o(.ARM.exidx.text.bmi2_perform_gyro_foc), (8 bytes).
    Removing bmi2.o(.ARM.exidx.text.bmi2_get_feat_config), (8 bytes).
    Removing bmi2.o(.text.bmi2_extract_input_feat_config), (126 bytes).
    Removing bmi2.o(.ARM.exidx.text.bmi2_extract_input_feat_config), (8 bytes).
    Removing bmi2.o(.text.bmi2_set_accel_offset_comp), (176 bytes).
    Removing bmi2.o(.ARM.exidx.text.bmi2_set_accel_offset_comp), (8 bytes).
    Removing bmi2.o(.text.bmi2_get_accel_offset_comp), (270 bytes).
    Removing bmi2.o(.ARM.exidx.text.bmi2_get_accel_offset_comp), (8 bytes).
    Removing bmi2.o(.text.bmi2_do_gyro_st), (8 bytes).
    Removing bmi2.o(.ARM.exidx.text.bmi2_do_gyro_st), (8 bytes).
    Removing bmi2.o(.text.do_gtrigger_test), (1638 bytes).
    Removing bmi2.o(.ARM.exidx.text.do_gtrigger_test), (8 bytes).
    Removing bmi2.o(.text.bmi2_do_crt), (8 bytes).
    Removing bmi2.o(.ARM.exidx.text.bmi2_do_crt), (8 bytes).
    Removing bmi2.o(.text.bmi2_abort_crt_gyro_st), (264 bytes).
    Removing bmi2.o(.ARM.exidx.text.bmi2_abort_crt_gyro_st), (8 bytes).
    Removing bmi2.o(.text.abort_bmi2), (366 bytes).
    Removing bmi2.o(.ARM.exidx.text.abort_bmi2), (8 bytes).
    Removing bmi2.o(.text.wait_st_running), (176 bytes).
    Removing bmi2.o(.ARM.exidx.text.wait_st_running), (8 bytes).
    Removing bmi2.o(.text.crt_gyro_st_update_result), (268 bytes).
    Removing bmi2.o(.ARM.exidx.text.crt_gyro_st_update_result), (8 bytes).
    Removing bmi2.o(.text.bmi2_nvm_prog), (732 bytes).
    Removing bmi2.o(.ARM.exidx.text.bmi2_nvm_prog), (8 bytes).
    Removing bmi2.o(.ARM.exidx.text.set_config_load), (8 bytes).
    Removing bmi2.o(.ARM.exidx.text.upload_file), (8 bytes).
    Removing bmi2.o(.ARM.exidx.text.get_aux_interface_config), (8 bytes).
    Removing bmi2.o(.text.set_if_aux_not_busy), (524 bytes).
    Removing bmi2.o(.ARM.exidx.text.set_if_aux_not_busy), (8 bytes).
    Removing bmi2.o(.text.unpack_aux_frame), (1014 bytes).
    Removing bmi2.o(.ARM.exidx.text.unpack_aux_frame), (8 bytes).
    Removing bmi2.o(.text.wait_rdy_for_dl_toggle), (332 bytes).
    Removing bmi2.o(.ARM.exidx.text.wait_rdy_for_dl_toggle), (8 bytes).
    Removing bmi2.o(.text.process_crt_download), (194 bytes).
    Removing bmi2.o(.ARM.exidx.text.process_crt_download), (8 bytes).
    Removing bmi270.o(.text), (0 bytes).
    Removing bmi270.o(.ARM.exidx.text.bmi270_init), (8 bytes).
    Removing bmi270.o(.text.bmi270_sensor_enable), (2144 bytes).
    Removing bmi270.o(.ARM.exidx.text.bmi270_sensor_enable), (8 bytes).
    Removing bmi270.o(.text.bmi270_sensor_disable), (2082 bytes).
    Removing bmi270.o(.ARM.exidx.text.bmi270_sensor_disable), (8 bytes).
    Removing bmi270.o(.text.bmi270_set_sensor_config), (1788 bytes).
    Removing bmi270.o(.ARM.exidx.text.bmi270_set_sensor_config), (8 bytes).
    Removing bmi270.o(.text.bmi270_get_sensor_config), (1004 bytes).
    Removing bmi270.o(.ARM.exidx.text.bmi270_get_sensor_config), (8 bytes).
    Removing bmi270.o(.text.bmi270_get_feature_data), (1146 bytes).
    Removing bmi270.o(.ARM.exidx.text.bmi270_get_feature_data), (8 bytes).
    Removing bmi270.o(.text.bmi270_update_gyro_user_gain), (396 bytes).
    Removing bmi270.o(.ARM.exidx.text.bmi270_update_gyro_user_gain), (8 bytes).
    Removing bmi270.o(.text.bmi270_read_gyro_user_gain), (102 bytes).
    Removing bmi270.o(.ARM.exidx.text.bmi270_read_gyro_user_gain), (8 bytes).
    Removing bmi270.o(.text.bmi270_map_feat_int), (90 bytes).
    Removing bmi270.o(.ARM.exidx.text.bmi270_map_feat_int), (8 bytes).
    Removing bmi270_port.o(.text), (0 bytes).
    Removing bmi270_port.o(.ARM.exidx.text.bmi2_spi_read), (8 bytes).
    Removing bmi270_port.o(.ARM.exidx.text.bmi2_spi_write), (8 bytes).
    Removing bmi270_port.o(.ARM.exidx.text.HAL_SPI_TxRxCpltCallback), (8 bytes).
    Removing bmi270_port.o(.ARM.exidx.text.HAL_SPI_TxCpltCallback), (8 bytes).
    Removing bmi270_port.o(.ARM.exidx.text.bmi2_delay_us), (8 bytes).
    Removing bmi270_port.o(.ARM.exidx.text.bmi270_sensor_init_spi), (8 bytes).
    Removing bmi270_port.o(.ARM.exidx.text.bmi270_set_config), (8 bytes).
    Removing bmi270_port.o(.ARM.exidx.text.bmi270_get_accel_gyro), (8 bytes).
    Removing dodo_bmi270.o(.text), (0 bytes).
    Removing dodo_bmi270.o(.ARM.exidx.text.dodo_BMI270_init), (8 bytes).
    Removing dodo_bmi270.o(.ARM.exidx.text.dodo_BMI270_get_data), (8 bytes).
    Removing multiplexer.o(.text), (0 bytes).
    Removing multiplexer.o(.text.multiplexer_delay_us), (80 bytes).
    Removing multiplexer.o(.ARM.exidx.text.multiplexer_delay_us), (8 bytes).
    Removing multiplexer.o(.text.multiplexer_set_channel), (90 bytes).
    Removing multiplexer.o(.ARM.exidx.text.multiplexer_set_channel), (8 bytes).
    Removing multiplexer.o(.ARM.exidx.text.MUX_get_value), (8 bytes).

1012 unused section(s) (total 85374 bytes) removed from the image.
